Archive member included to satisfy reference by file (symbol)

/Applications/STM32CubeIDE.app/Contents/Eclipse/plugins/com.st.stm32cube.ide.mcu.externaltools.gnu-tools-for-stm32.14.3.rel1.macosaarch64_1.0.0.202602081740/tools/bin/../lib/gcc/arm-none-eabi/14.3.1/../../../../arm-none-eabi/lib/thumb/v7e-m+fp/hard/libc_nano.a(libc_a-atoi.o)
                              ./Src/task_cli.o (atoi)
/Applications/STM32CubeIDE.app/Contents/Eclipse/plugins/com.st.stm32cube.ide.mcu.externaltools.gnu-tools-for-stm32.14.3.rel1.macosaarch64_1.0.0.202602081740/tools/bin/../lib/gcc/arm-none-eabi/14.3.1/../../../../arm-none-eabi/lib/thumb/v7e-m+fp/hard/libc_nano.a(libc_a-exit.o)
                              /Applications/STM32CubeIDE.app/Contents/Eclipse/plugins/com.st.stm32cube.ide.mcu.externaltools.gnu-tools-for-stm32.14.3.rel1.macosaarch64_1.0.0.202602081740/tools/bin/../lib/gcc/arm-none-eabi/14.3.1/../../../../arm-none-eabi/lib/thumb/v7e-m+fp/hard/crt0.o (exit)
/Applications/STM32CubeIDE.app/Contents/Eclipse/plugins/com.st.stm32cube.ide.mcu.externaltools.gnu-tools-for-stm32.14.3.rel1.macosaarch64_1.0.0.202602081740/tools/bin/../lib/gcc/arm-none-eabi/14.3.1/../../../../arm-none-eabi/lib/thumb/v7e-m+fp/hard/libc_nano.a(libc_a-findfp.o)
                              /Applications/STM32CubeIDE.app/Contents/Eclipse/plugins/com.st.stm32cube.ide.mcu.externaltools.gnu-tools-for-stm32.14.3.rel1.macosaarch64_1.0.0.202602081740/tools/bin/../lib/gcc/arm-none-eabi/14.3.1/../../../../arm-none-eabi/lib/thumb/v7e-m+fp/hard/libc_nano.a(libc_a-exit.o) (__stdio_exit_handler)
/Applications/STM32CubeIDE.app/Contents/Eclipse/plugins/com.st.stm32cube.ide.mcu.externaltools.gnu-tools-for-stm32.14.3.rel1.macosaarch64_1.0.0.202602081740/tools/bin/../lib/gcc/arm-none-eabi/14.3.1/../../../../arm-none-eabi/lib/thumb/v7e-m+fp/hard/libc_nano.a(libc_a-strtol.o)
                              /Applications/STM32CubeIDE.app/Contents/Eclipse/plugins/com.st.stm32cube.ide.mcu.externaltools.gnu-tools-for-stm32.14.3.rel1.macosaarch64_1.0.0.202602081740/tools/bin/../lib/gcc/arm-none-eabi/14.3.1/../../../../arm-none-eabi/lib/thumb/v7e-m+fp/hard/libc_nano.a(libc_a-atoi.o) (_strtol_r)
/Applications/STM32CubeIDE.app/Contents/Eclipse/plugins/com.st.stm32cube.ide.mcu.externaltools.gnu-tools-for-stm32.14.3.rel1.macosaarch64_1.0.0.202602081740/tools/bin/../lib/gcc/arm-none-eabi/14.3.1/../../../../arm-none-eabi/lib/thumb/v7e-m+fp/hard/libc_nano.a(libc_a-utoa.o)
                              ./Src/task_cli.o (utoa)
/Applications/STM32CubeIDE.app/Contents/Eclipse/plugins/com.st.stm32cube.ide.mcu.externaltools.gnu-tools-for-stm32.14.3.rel1.macosaarch64_1.0.0.202602081740/tools/bin/../lib/gcc/arm-none-eabi/14.3.1/../../../../arm-none-eabi/lib/thumb/v7e-m+fp/hard/libc_nano.a(libc_a-fwalk.o)
                              /Applications/STM32CubeIDE.app/Contents/Eclipse/plugins/com.st.stm32cube.ide.mcu.externaltools.gnu-tools-for-stm32.14.3.rel1.macosaarch64_1.0.0.202602081740/tools/bin/../lib/gcc/arm-none-eabi/14.3.1/../../../../arm-none-eabi/lib/thumb/v7e-m+fp/hard/libc_nano.a(libc_a-findfp.o) (_fwalk_sglue)
/Applications/STM32CubeIDE.app/Contents/Eclipse/plugins/com.st.stm32cube.ide.mcu.externaltools.gnu-tools-for-stm32.14.3.rel1.macosaarch64_1.0.0.202602081740/tools/bin/../lib/gcc/arm-none-eabi/14.3.1/../../../../arm-none-eabi/lib/thumb/v7e-m+fp/hard/libc_nano.a(libc_a-memset.o)
                              /Applications/STM32CubeIDE.app/Contents/Eclipse/plugins/com.st.stm32cube.ide.mcu.externaltools.gnu-tools-for-stm32.14.3.rel1.macosaarch64_1.0.0.202602081740/tools/bin/../lib/gcc/arm-none-eabi/14.3.1/../../../../arm-none-eabi/lib/thumb/v7e-m+fp/hard/crt0.o (memset)
/Applications/STM32CubeIDE.app/Contents/Eclipse/plugins/com.st.stm32cube.ide.mcu.externaltools.gnu-tools-for-stm32.14.3.rel1.macosaarch64_1.0.0.202602081740/tools/bin/../lib/gcc/arm-none-eabi/14.3.1/../../../../arm-none-eabi/lib/thumb/v7e-m+fp/hard/libc_nano.a(libc_a-strncmp.o)
                              ./Src/task_auth.o (strncmp)
/Applications/STM32CubeIDE.app/Contents/Eclipse/plugins/com.st.stm32cube.ide.mcu.externaltools.gnu-tools-for-stm32.14.3.rel1.macosaarch64_1.0.0.202602081740/tools/bin/../lib/gcc/arm-none-eabi/14.3.1/../../../../arm-none-eabi/lib/thumb/v7e-m+fp/hard/libc_nano.a(libc_a-strncpy.o)
                              ./Src/task_auth.o (strncpy)
/Applications/STM32CubeIDE.app/Contents/Eclipse/plugins/com.st.stm32cube.ide.mcu.externaltools.gnu-tools-for-stm32.14.3.rel1.macosaarch64_1.0.0.202602081740/tools/bin/../lib/gcc/arm-none-eabi/14.3.1/../../../../arm-none-eabi/lib/thumb/v7e-m+fp/hard/libc_nano.a(libc_a-errno.o)
                              ./Src/syscalls.o (__errno)
/Applications/STM32CubeIDE.app/Contents/Eclipse/plugins/com.st.stm32cube.ide.mcu.externaltools.gnu-tools-for-stm32.14.3.rel1.macosaarch64_1.0.0.202602081740/tools/bin/../lib/gcc/arm-none-eabi/14.3.1/../../../../arm-none-eabi/lib/thumb/v7e-m+fp/hard/libc_nano.a(libc_a-init.o)
[...]
Memory Configuration

Name             Origin             Length             Attributes
RAM              0x20000000         0x00018000         xrw
SRAM2            0x10000000         0x00008000         xrw
FLASH            0x08000000         0x00100000         xr
*default*        0x00000000         0xffffffff

Linker script and memory map

LOAD /Applications/STM32CubeIDE.app/Contents/Eclipse/plugins/com.st.stm32cube.ide.mcu.externaltools.gnu-tools-for-stm32.14.3.rel1.macosaarch64_1.0.0.202602081740/tools/bin/../lib/gcc/arm-none-eabi/14.3.1/thumb/v7e-m+fp/hard/crti.o
LOAD /Applications/STM32CubeIDE.app/Contents/Eclipse/plugins/com.st.stm32cube.ide.mcu.externaltools.gnu-tools-for-stm32.14.3.rel1.macosaarch64_1.0.0.202602081740/tools/bin/../lib/gcc/arm-none-eabi/14.3.1/thumb/v7e-m+fp/hard/crtbegin.o
LOAD /Applications/STM32CubeIDE.app/Contents/Eclipse/plugins/com.st.stm32cube.ide.mcu.externaltools.gnu-tools-for-stm32.14.3.rel1.macosaarch64_1.0.0.202602081740/tools/bin/../lib/gcc/arm-none-eabi/14.3.1/../../../../arm-none-eabi/lib/thumb/v7e-m+fp/hard/crt0.o
LOAD ./FreeRTOS/Source/list.o
LOAD ./FreeRTOS/Source/queue.o
LOAD ./FreeRTOS/Source/stream_buffer.o
LOAD ./FreeRTOS/Source/tasks.o
LOAD ./FreeRTOS/Source/timers.o
LOAD ./FreeRTOS/portable/GCC/ARM_CM4F/port.o
LOAD ./FreeRTOS/portable/MemMang/heap_4.o
LOAD ./Src/RFID.o
LOAD ./Src/flash_log.o
LOAD ./Src/keypad.o
LOAD ./Src/lcd.o
LOAD ./Src/main.o
LOAD ./Src/rtc.o
LOAD ./Src/syscalls.o
LOAD ./Src/sysmem.o
LOAD ./Src/task_auth.o
LOAD ./Src/task_cli.o
LOAD ./Src/task_keypad.o
LOAD ./Src/task_lcd.o
LOAD ./Src/task_rfid.o
LOAD ./Src/uart.o
LOAD ./Src/watchdog.o
LOAD ./Startup/startup_stm32l476rgtx.o
START GROUP
LOAD /Applications/STM32CubeIDE.app/Contents/Eclipse/plugins/com.st.stm32cube.ide.mcu.externaltools.gnu-tools-for-stm32.14.3.rel1.macosaarch64_1.0.0.202602081740/tools/bin/../lib/gcc/arm-none-eabi/14.3.1/../../../../arm-none-eabi/lib/thumb/v7e-m+fp/hard/libc_nano.a
LOAD /Applications/STM32CubeIDE.app/Contents/Eclipse/plugins/com.st.stm32cube.ide.mcu.externaltools.gnu-tools-for-stm32.14.3.rel1.macosaarch64_1.0.0.202602081740/tools/bin/../lib/gcc/arm-none-eabi/14.3.1/../../../../arm-none-eabi/lib/thumb/v7e-m+fp/hard/libm.a
END GROUP
START GROUP
LOAD /Applications/STM32CubeIDE.app/Contents/Eclipse/plugins/com.st.stm32cube.ide.mcu.externaltools.gnu-tools-for-stm32.14.3.rel1.macosaarch64_1.0.0.202602081740/tools/bin/../lib/gcc/arm-none-eabi/14.3.1/thumb/v7e-m+fp/hard/libgcc.a
LOAD /Applications/STM32CubeIDE.app/Contents/Eclipse/plugins/com.st.stm32cube.ide.mcu.externaltools.gnu-tools-for-stm32.14.3.rel1.macosaarch64_1.0.0.202602081740/tools/bin/../lib/gcc/arm-none-eabi/14.3.1/../../../../arm-none-eabi/lib/thumb/v7e-m+fp/hard/libc_nano.a
END GROUP
START GROUP
LOAD /Applications/STM32CubeIDE.app/Contents/Eclipse/plugins/com.st.stm32cube.ide.mcu.externaltools.gnu-tools-for-stm32.14.3.rel1.macosaarch64_1.0.0.202602081740/tools/bin/../lib/gcc/arm-none-eabi/14.3.1/thumb/v7e-m+fp/hard/libgcc.a
LOAD /Applications/STM32CubeIDE.app/Contents/Eclipse/plugins/com.st.stm32cube.ide.mcu.externaltools.gnu-tools-for-stm32.14.3.rel1.macosaarch64_1.0.0.202602081740/tools/bin/../lib/gcc/arm-none-eabi/14.3.1/../../../../arm-none-eabi/lib/thumb/v7e-m+fp/hard/libc_nano.a
LOAD /Applications/STM32CubeIDE.app/Contents/Eclipse/plugins/com.st.stm32cube.ide.mcu.externaltools.gnu-tools-for-stm32.14.3.rel1.macosaarch64_1.0.0.202602081740/tools/bin/../lib/gcc/arm-none-eabi/14.3.1/../../../../arm-none-eabi/lib/thumb/v7e-m+fp/hard/libnosys.a
END GROUP
START GROUP
LOAD /Applications/STM32CubeIDE.app/Contents/Eclipse/plugins/com.st.stm32cube.ide.mcu.externaltools.gnu-tools-for-stm32.14.3.rel1.macosaarch64_1.0.0.202602081740/tools/bin/../lib/gcc/arm-none-eabi/14.3.1/thumb/v7e-m+fp/hard/libgcc.a
LOAD /Applications/STM32CubeIDE.app/Contents/Eclipse/plugins/com.st.stm32cube.ide.mcu.externaltools.gnu-tools-for-stm32.14.3.rel1.macosaarch64_1.0.0.202602081740/tools/bin/../lib/gcc/arm-none-eabi/14.3.1/../../../../arm-none-eabi/lib/thumb/v7e-m+fp/hard/libc_nano.a
LOAD /Applications/STM32CubeIDE.app/Contents/Eclipse/plugins/com.st.stm32cube.ide.mcu.externaltools.gnu-tools-for-stm32.14.3.rel1.macosaarch64_1.0.0.202602081740/tools/bin/../lib/gcc/arm-none-eabi/14.3.1/../../../../arm-none-eabi/lib/thumb/v7e-m+fp/hard/libnosys.a
END GROUP
LOAD /Applications/STM32CubeIDE.app/Contents/Eclipse/plugins/com.st.stm32cube.ide.mcu.externaltools.gnu-tools-for-stm32.14.3.rel1.macosaarch64_1.0.0.202602081740/tools/bin/../lib/gcc/arm-none-eabi/14.3.1/thumb/v7e-m+fp/hard/crtend.o
LOAD /Applications/STM32CubeIDE.app/Contents/Eclipse/plugins/com.st.stm32cube.ide.mcu.externaltools.gnu-tools-for-stm32.14.3.rel1.macosaarch64_1.0.0.202602081740/tools/bin/../lib/gcc/arm-none-eabi/14.3.1/thumb/v7e-m+fp/hard/crtn.o
                0x20018000                        _estack = (ORIGIN (RAM) + LENGTH (RAM))
                0x00000200                        _Min_Heap_Size = 0x200
                0x00000400                        _Min_Stack_Size = 0x400

.isr_vector     0x08000000      0x18c
                0x08000000                        . = ALIGN (0x4)
 *(.isr_vector)
 .isr_vector    0x08000000      0x18c ./Startup/startup_stm32l476rgtx.o
                0x08000000                g_pfnVectors
                0x0800018c                        . = ALIGN (0x4)

.text           0x0800018c     0x5264
                0x0800018c                        . = ALIGN (0x4)
 *(.text)
 .text          0x0800018c       0x40 /Applications/STM32CubeIDE.app/Contents/Eclipse/plugins/com.st.stm32cube.ide.mcu.externaltools.gnu-tools-for-stm32.14.3.rel1.macosaarch64_1.0.0.202602081740/tools/bin/../lib/gcc/arm-none-eabi/14.3.1/thumb/v7e-m+fp/hard/crtbegin.o
 .text          0x080001cc       0x14 /Applications/STM32CubeIDE.app/Contents/Eclipse/plugins/com.st.stm32cube.ide.mcu.externaltools.gnu-tools-for-stm32.14.3.rel1.macosaarch64_1.0.0.202602081740/tools/bin/../lib/gcc/arm-none-eabi/14.3.1/../../../../arm-none-eabi/lib/thumb/v7e-m+fp/hard/libc_nano.a(libc_a-strcmp.o)
                0x080001cc                strcmp
 .text          0x080001e0       0x10 /Applications/STM32CubeIDE.app/Contents/Eclipse/plugins/com.st.stm32cube.ide.mcu.externaltools.gnu-tools-for-stm32.14.3.rel1.macosaarch64_1.0.0.202602081740/tools/bin/../lib/gcc/arm-none-eabi/14.3.1/../../../../arm-none-eabi/lib/thumb/v7e-m+fp/hard/libc_nano.a(libc_a-strlen.o)
                0x080001e0                strlen
 .text          0x080001f0       0x30 /Applications/STM32CubeIDE.app/Contents/Eclipse/plugins/com.st.stm32cube.ide.mcu.externaltools.gnu-tools-for-stm32.14.3.rel1.macosaarch64_1.0.0.202602081740/tools/bin/../lib/gcc/arm-none-eabi/14.3.1/thumb/v7e-m+fp/hard/libgcc.a(_aeabi_uldivmod.o)
                0x080001f0                __aeabi_uldivmod
 .text          0x08000220      0x2f8 /Applications/STM32CubeIDE.app/Contents/Eclipse/plugins/com.st.stm32cube.ide.mcu.externaltools.gnu-tools-for-stm32.14.3.rel1.macosaarch64_1.0.0.202602081740/tools/bin/../lib/gcc/arm-none-eabi/14.3.1/thumb/v7e-m+fp/hard/libgcc.a(_udivmoddi4.o)
                0x08000220                __udivmoddi4
 .text          0x08000518        0x4 /Applications/STM32CubeIDE.app/Contents/Eclipse/plugins/com.st.stm32cube.ide.mcu.externaltools.gnu-tools-for-stm32.14.3.rel1.macosaarch64_1.0.0.202602081740/tools/bin/../lib/gcc/arm-none-eabi/14.3.1/thumb/v7e-m+fp/hard/libgcc.a(_dvmd_tls.o)
                0x08000518                __aeabi_ldiv0
                0x08000518                __aeabi_idiv0
 *(.text*)
 .text.vListInitialise
                0x0800051c       0x40 ./FreeRTOS/Source/list.o
                0x0800051c                vListInitialise
 .text.vListInitialiseItem
                0x0800055c       0x1a ./FreeRTOS/Source/list.o
                0x0800055c                vListInitialiseItem
 .text.vListInsert
                0x08000576       0x72 ./FreeRTOS/Source/list.o
                0x08000576                vListInsert
 .text.uxListRemove
                0x080005e8       0x54 ./FreeRTOS/Source/list.o
                0x080005e8                uxListRemove
 .text.xQueueGenericReset
                0x0800063c      0x104 ./FreeRTOS/Source/queue.o
                0x0800063c                xQueueGenericReset
 .text.xQueueGenericCreate
                0x08000740       0x8e ./FreeRTOS/Source/queue.o
                0x08000740                xQueueGenericCreate
 .text.prvInitialiseNewQueue
                0x080007ce       0x3e ./FreeRTOS/Source/queue.o
 .text.xQueueGenericSend
                0x0800080c      0x1c4 ./FreeRTOS/Source/queue.o
                0x0800080c                xQueueGenericSend
 .text.xQueueReceive
                0x080009d0      0x194 ./FreeRTOS/Source/queue.o
                0x080009d0                xQueueReceive
 .text.prvCopyDataToQueue
                0x08000b64       0xd4 ./FreeRTOS/Source/queue.o
 .text.prvCopyDataFromQueue
                0x08000c38       0x4c ./FreeRTOS/Source/queue.o
 .text.prvUnlockQueue
                0x08000c84       0xa4 ./FreeRTOS/Source/queue.o
 .text.prvIsQueueEmpty
                0x08000d28       0x2c ./FreeRTOS/Source/queue.o
 .text.prvIsQueueFull
                0x08000d54       0x30 ./FreeRTOS/Source/queue.o
 .text.vQueueAddToRegistry
                0x08000d84       0x90 ./FreeRTOS/Source/queue.o
                0x08000d84                vQueueAddToRegistry
 .text.vQueueWaitForMessageRestricted
                0x08000e14       0x68 ./FreeRTOS/Source/queue.o
                0x08000e14                vQueueWaitForMessageRestricted
 .text.prvCreateTask
                0x08000e7c       0x78 ./FreeRTOS/Source/tasks.o
 .text.xTaskCreate
                0x08000ef4       0x46 ./FreeRTOS/Source/tasks.o
                0x08000ef4                xTaskCreate
 .text.prvInitialiseNewTask
                0x08000f3a      0x11a ./FreeRTOS/Source/tasks.o
 .text.prvAddNewTaskToReadyList
                0x08001054      0x128 ./FreeRTOS/Source/tasks.o
 .text.vTaskDelay
                0x0800117c       0x5c ./FreeRTOS/Source/tasks.o
                0x0800117c                vTaskDelay
 .text.prvCreateIdleTasks
                0x080011d8       0xac ./FreeRTOS/Source/tasks.o
 .text.vTaskStartScheduler
                0x08001284       0x78 ./FreeRTOS/Source/tasks.o
                0x08001284                vTaskStartScheduler
 .text.vTaskSuspendAll
                0x080012fc       0x1c ./FreeRTOS/Source/tasks.o
                0x080012fc                vTaskSuspendAll
 .text.xTaskResumeAll
                0x08001318      0x200 ./FreeRTOS/Source/tasks.o
                0x08001318                xTaskResumeAll
 .text.xTaskGetTickCount
                0x08001518       0x20 ./FreeRTOS/Source/tasks.o
                0x08001518                xTaskGetTickCount
 .text.xTaskIncrementTick
                0x08001538      0x224 ./FreeRTOS/Source/tasks.o
                0x08001538                xTaskIncrementTick
 .text.vTaskSwitchContext
                0x0800175c       0xac ./FreeRTOS/Source/tasks.o
                0x0800175c                vTaskSwitchContext
 .text.vTaskPlaceOnEventList
                0x08001808       0x3c ./FreeRTOS/Source/tasks.o
                0x08001808                vTaskPlaceOnEventList
 .text.vTaskPlaceOnEventListRestricted
                0x08001844       0x7c ./FreeRTOS/Source/tasks.o
                0x08001844                vTaskPlaceOnEventListRestricted
 .text.xTaskRemoveFromEventList
                0x080018c0      0x1a4 ./FreeRTOS/Source/tasks.o
                0x080018c0                xTaskRemoveFromEventList
 .text.vTaskInternalSetTimeOutState
                0x08001a64       0x2c ./FreeRTOS/Source/tasks.o
                0x08001a64                vTaskInternalSetTimeOutState
 .text.xTaskCheckForTimeOut
                0x08001a90       0xb0 ./FreeRTOS/Source/tasks.o
                0x08001a90                xTaskCheckForTimeOut
 .text.vTaskMissedYield
                0x08001b40       0x18 ./FreeRTOS/Source/tasks.o
                0x08001b40                vTaskMissedYield
 .text.prvIdleTask
                0x08001b58       0x30 ./FreeRTOS/Source/tasks.o
 .text.prvInitialiseTaskLists
                0x08001b88       0x80 ./FreeRTOS/Source/tasks.o
 .text.prvCheckTasksWaitingTermination
                0x08001c08       0x5c ./FreeRTOS/Source/tasks.o
 .text.prvDeleteTCB
                0x08001c64       0x20 ./FreeRTOS/Source/tasks.o
 .text.prvResetNextTaskUnblockTime
                0x08001c84       0x38 ./FreeRTOS/Source/tasks.o
 .text.xTaskGetSchedulerState
                0x08001cbc       0x3c ./FreeRTOS/Source/tasks.o
                0x08001cbc                xTaskGetSchedulerState
 .text.xTaskPriorityDisinherit
                0x08001cf8      0x12c ./FreeRTOS/Source/tasks.o
                0x08001cf8                xTaskPriorityDisinherit
 .text.prvAddCurrentTaskToDelayedList
                0x08001e24      0x104 ./FreeRTOS/Source/tasks.o
 .text.xTimerCreateTimerTask
                0x08001f28       0x54 ./FreeRTOS/Source/timers.o
                0x08001f28                xTimerCreateTimerTask
 .text.prvReloadTimer
                0x08001f7c       0x42 ./FreeRTOS/Source/timers.o
 *fill*         0x08001fbe        0x2 
 .text.prvProcessExpiredTimer
                0x08001fc0       0x60 ./FreeRTOS/Source/timers.o
 .text.prvTimerTask
                0x08002020       0x26 ./FreeRTOS/Source/timers.o
 *fill*         0x08002046        0x2 
 .text.prvProcessTimerOrBlockTask
                0x08002048       0x9c ./FreeRTOS/Source/timers.o
 .text.prvGetNextExpireTime
                0x080020e4       0x48 ./FreeRTOS/Source/timers.o
 .text.prvSampleTimeNow
                0x0800212c       0x40 ./FreeRTOS/Source/timers.o
 .text.prvInsertTimerInActiveList
                0x0800216c       0x84 ./FreeRTOS/Source/timers.o
 .text.prvProcessReceivedCommands
                0x080021f0      0x184 ./FreeRTOS/Source/timers.o
 .text.prvSwitchTimerLists
                0x08002374       0x4c ./FreeRTOS/Source/timers.o
 .text.prvCheckForValidListAndQueue
                0x080023c0       0x6c ./FreeRTOS/Source/timers.o
 .text.pxPortInitialiseStack
                0x0800242c       0x68 ./FreeRTOS/portable/GCC/ARM_CM4F/port.o
                0x0800242c                pxPortInitialiseStack
 .text.prvTaskExitError
                0x08002494       0x4c ./FreeRTOS/portable/GCC/ARM_CM4F/port.o
 .text.SVC_Handler
                0x080024e0       0x24 ./FreeRTOS/portable/GCC/ARM_CM4F/port.o
                0x080024e0                SVC_Handler
 .text.prvPortStartFirstTask
                0x08002504       0x2c ./FreeRTOS/portable/GCC/ARM_CM4F/port.o
 .text.xPortStartScheduler
                0x08002530      0x180 ./FreeRTOS/portable/GCC/ARM_CM4F/port.o
                0x08002530                xPortStartScheduler
 .text.vPortEnterCritical
                0x080026b0       0x54 ./FreeRTOS/portable/GCC/ARM_CM4F/port.o
                0x080026b0                vPortEnterCritical
 .text.vPortExitCritical
                0x08002704       0x44 ./FreeRTOS/portable/GCC/ARM_CM4F/port.o
                0x08002704                vPortExitCritical
 .text.PendSV_Handler
                0x08002748       0x60 ./FreeRTOS/portable/GCC/ARM_CM4F/port.o
                0x08002748                PendSV_Handler
 .text.SysTick_Handler
                0x080027a8       0x44 ./FreeRTOS/portable/GCC/ARM_CM4F/port.o
                0x080027a8                SysTick_Handler
 .text.vPortSetupTimerInterrupt
                0x080027ec       0x34 ./FreeRTOS/portable/GCC/ARM_CM4F/port.o
                0x080027ec                vPortSetupTimerInterrupt
 .text.vPortEnableVFP
                0x08002820       0x18 ./FreeRTOS/portable/GCC/ARM_CM4F/port.o
 .text.pvPortMalloc
                0x08002838      0x20c ./FreeRTOS/portable/MemMang/heap_4.o
                0x08002838                pvPortMalloc
 .text.vPortFree
                0x08002a44       0xbc ./FreeRTOS/portable/MemMang/heap_4.o
                0x08002a44                vPortFree
 .text.prvHeapInit
                0x08002b00       0xb4 ./FreeRTOS/portable/MemMang/heap_4.o
 .text.prvInsertBlockIntoFreeList
                0x08002bb4       0xe4 ./FreeRTOS/portable/MemMang/heap_4.o
 .text.__NVIC_EnableIRQ
                0x08002c98       0x3c ./Src/RFID.o
 .text.__NVIC_SetPriority
                0x08002cd4       0x54 ./Src/RFID.o
 .text.SPI_Init
                0x08002d28       0xe0 ./Src/RFID.o
                0x08002d28                SPI_Init
 .text.RFID_Cleanup
                0x08002e08       0x28 ./Src/RFID.o
 .text.SPI_TransmitReceive
                0x08002e30       0x48 ./Src/RFID.o
                0x08002e30                SPI_TransmitReceive
 .text.RFID_WriteRegister
                0x08002e78       0x50 ./Src/RFID.o
                0x08002e78                RFID_WriteRegister
 .text.RFID_ReadRegister
                0x08002ec8       0x58 ./Src/RFID.o
                0x08002ec8                RFID_ReadRegister
 .text.RFID_Reset
                0x08002f20       0x30 ./Src/RFID.o
                0x08002f20                RFID_Reset
 .text.RFID_IRQ_Init
                0x08002f50       0xa0 ./Src/RFID.o
 .text.RFID_Init
                0x08002ff0       0x7a ./Src/RFID.o
                0x08002ff0                RFID_Init
 .text.RFID_REQA
                0x0800306a       0xaa ./Src/RFID.o
 .text.RFID_Anticollision
                0x08003114       0xf2 ./Src/RFID.o
 .text.RFID_DetectCard
                0x08003206       0x36 ./Src/RFID.o
                0x08003206                RFID_DetectCard
 .text.EXTI0_IRQHandler
                0x0800323c       0x6c ./Src/RFID.o
                0x0800323c                EXTI0_IRQHandler
 .text.flash_unlock
                0x080032a8       0x30 ./Src/flash_log.o
 .text.flash_lock
                0x080032d8       0x20 ./Src/flash_log.o
 .text.flash_wait_busy
                0x080032f8       0x24 ./Src/flash_log.o
 .text.flash_erase_page
                0x0800331c       0x5c ./Src/flash_log.o
 .text.flash_write_dword
                0x08003378       0x58 ./Src/flash_log.o
 .text.FlashLog_Init
                0x080033d0       0x88 ./Src/flash_log.o
                0x080033d0                FlashLog_Init
 .text.FlashLog_Write
                0x08003458       0xb0 ./Src/flash_log.o
                0x08003458                FlashLog_Write
 .text.FlashLog_Count
                0x08003508       0x18 ./Src/flash_log.o
                0x08003508                FlashLog_Count
 .text.FlashLog_Read
                0x08003520       0x44 ./Src/flash_log.o
                0x08003520                FlashLog_Read
 .text.FlashLog_Clear
                0x08003564       0x20 ./Src/flash_log.o
                0x08003564                FlashLog_Clear
 .text.col_drive_low
                0x08003584       0x6c ./Src/keypad.o
 .text.col_drive_high
                0x080035f0       0x6c ./Src/keypad.o
 .text.all_cols_high
                0x0800365c       0x50 ./Src/keypad.o
 .text.Keypad_Init
                0x080036ac      0x130 ./Src/keypad.o
                0x080036ac                Keypad_Init
 .text.Keypad_GetKey
                0x080037dc       0x9c ./Src/keypad.o
                0x080037dc                Keypad_GetKey
 .text.lcd_delay_us
                0x08003878       0x2e ./Src/lcd.o
 .text.lcd_delay_ms
                0x080038a6       0xb6 ./Src/lcd.o
 .text.I2C1_Init
                0x0800395c       0xb0 ./Src/lcd.o
                0x0800395c                I2C1_Init
 .text.PCF8574_Write
                0x08003a0c       0x60 ./Src/lcd.o
 .text.LCD_PulseEnable
                0x08003a6c       0x3a ./Src/lcd.o
 *fill*         0x08003aa6        0x2 
 .text.LCD_SendNibble
                0x08003aa8       0x40 ./Src/lcd.o
 .text.LCD_SendByte
                0x08003ae8       0x3a ./Src/lcd.o
 .text.LCD_Command
                0x08003b22       0x28 ./Src/lcd.o
 .text.LCD_SendChar
                0x08003b4a       0x1c ./Src/lcd.o
                0x08003b4a                LCD_SendChar
 .text.LCD_Init
                0x08003b66       0x6a ./Src/lcd.o
                0x08003b66                LCD_Init
 .text.LCD_Clear
                0x08003bd0       0x14 ./Src/lcd.o
                0x08003bd0                LCD_Clear
 .text.LCD_SetCursor
                0x08003be4       0x44 ./Src/lcd.o
                0x08003be4                LCD_SetCursor
 .text.LCD_Print
                0x08003c28       0x2a ./Src/lcd.o
                0x08003c28                LCD_Print
 *fill*         0x08003c52        0x2 
 .text.main     0x08003c54      0x140 ./Src/main.o
                0x08003c54                main
 .text.dec_to_bcd
                0x08003d94       0x4c ./Src/rtc.o
 .text.bcd_to_dec
                0x08003de0       0x32 ./Src/rtc.o
 *fill*         0x08003e12        0x2 
 .text.RTC_Init
                0x08003e14       0xf0 ./Src/rtc.o
                0x08003e14                RTC_Init
 .text.RTC_GetTime
                0x08003f04       0xb4 ./Src/rtc.o
                0x08003f04                RTC_GetTime
 .text.RTC_SetTime
                0x08003fb8       0xac ./Src/rtc.o
                0x08003fb8                RTC_SetTime
 .text.print_time
                0x08004064      0x16c ./Src/task_auth.o
 .text.vTaskAuth
                0x080041d0      0x210 ./Src/task_auth.o
                0x080041d0                vTaskAuth
 .text.print_log_entry
                0x080043e0      0x2c0 ./Src/task_cli.o
 .text.cmd_dump_log
                0x080046a0       0x8c ./Src/task_cli.o
 .text.cmd_clear_log
                0x0800472c       0x18 ./Src/task_cli.o
 .text.cmd_status
                0x08004744      0x1c4 ./Src/task_cli.o
 .text.cmd_set_time
                0x08004908       0xb8 ./Src/task_cli.o
 .text.cmd_help
                0x080049c0       0x44 ./Src/task_cli.o
 .text.process_command
                0x08004a04      0x104 ./Src/task_cli.o
 .text.vTaskCLI
                0x08004b08       0xb4 ./Src/task_cli.o
                0x08004b08                vTaskCLI
 .text.vTaskKeypad
                0x08004bbc       0xc0 ./Src/task_keypad.o
                0x08004bbc                vTaskKeypad
 .text.show_idle
                0x08004c7c       0x30 ./Src/task_lcd.o
 .text.show_granted
                0x08004cac       0x30 ./Src/task_lcd.o
 .text.show_denied
                0x08004cdc       0x30 ./Src/task_lcd.o
 .text.vTaskLCD
                0x08004d0c       0xb0 ./Src/task_lcd.o
                0x08004d0c                vTaskLCD
 .text.nibble_to_hex
                0x08004dbc       0x32 ./Src/task_rfid.o
 *fill*         0x08004dee        0x2 
 .text.print_uid
                0x08004df0       0x78 ./Src/task_rfid.o
 .text.same_uid
                0x08004e68       0x52 ./Src/task_rfid.o
 *fill*         0x08004eba        0x2 
 .text.vTaskRFID
                0x08004ebc      0x138 ./Src/task_rfid.o
                0x08004ebc                vTaskRFID
 .text.UART2_Init
                0x08004ff4       0x7c ./Src/uart.o
                0x08004ff4                UART2_Init
 .text.UART2_SendChar
                0x08005070       0x30 ./Src/uart.o
                0x08005070                UART2_SendChar
 .text.UART2_sendString
                0x080050a0       0x2a ./Src/uart.o
                0x080050a0                UART2_sendString
 *fill*         0x080050ca        0x2 
 .text.UART2_ReceiveChar
                0x080050cc       0x38 ./Src/uart.o
                0x080050cc                UART2_ReceiveChar
 .text.IWDG_Pet
                0x08005104       0x1c ./Src/watchdog.o
                0x08005104                IWDG_Pet
 .text.Reset_Handler
                0x08005120       0x50 ./Startup/startup_stm32l476rgtx.o
                0x08005120                Reset_Handler
 .text.Default_Handler
                0x08005170        0x2 ./Startup/startup_stm32l476rgtx.o
                0x08005170                TIM1_BRK_TIM15_IRQHandler
                0x08005170                TIM8_TRG_COM_IRQHandler
                0x08005170                TIM8_CC_IRQHandler
                0x08005170                DebugMon_Handler
                0x08005170                DMA1_CH4_IRQHandler
                0x08005170                TIM1_CC_IRQHandler
                0x08005170                TSC_IRQHandler
                0x08005170                HardFault_Handler
                0x08005170                TAMP_STAMP_IRQHandler
                0x08005170                NMI_Handler
                0x08005170                EXTI3_IRQHandler
                0x08005170                LPTIM2_IRQHandler
                0x08005170                DFSDM1_FLT1_IRQHandler
                0x08005170                I2C3_ER_IRQHandler
                0x08005170                DFSDM1_FLT2_IRQHandler
                0x08005170                TIM6_DACUNDER_IRQHandler
                0x08005170                I2C2_EV_IRQHandler
                0x08005170                DMA2_CH1_IRQHandler
                0x08005170                CAN1_RX0_IRQHandler
                0x08005170                FPU_IRQHandler
                0x08005170                TIM1_UP_TIM16_IRQHandler
                0x08005170                DMA2_CH7_IRQHandler
                0x08005170                UsageFault_Handler
                0x08005170                ADC1_2_IRQHandler
                0x08005170                SPI1_IRQHandler
                0x08005170                DMA1_CH7_IRQHandler
                0x08005170                TIM8_UP_IRQHandler
                0x08005170                RTC_ALARM_IRQHandler
                0x08005170                SAI2_IRQHandler
                0x08005170                DFSDM1_FLT3_IRQHandler
                0x08005170                DMA1_CH6_IRQHandler
                0x08005170                USART3_IRQHandler
                0x08005170                CAN1_RX1_IRQHandler
                0x08005170                LCD_IRQHandler
                0x08005170                UART5_IRQHandler
                0x08005170                ADC3_IRQHandler
                0x08005170                TIM4_IRQHandler
                0x08005170                QUADSPI_IRQHandler
                0x08005170                I2C1_EV_IRQHandler
                0x08005170                DMA2_CH5_IRQHandler
                0x08005170                UART4_IRQHandler
                0x08005170                DMA1_CH3_IRQHandler
                0x08005170                TIM3_IRQHandler
                0x08005170                RCC_IRQHandler
                0x08005170                Default_Handler
                0x08005170                EXTI15_10_IRQHandler
                0x08005170                TIM7_IRQHandler
                0x08005170                SDMMC1_IRQHandler
                0x08005170                TIM5_IRQHandler
                0x08005170                I2C3_EV_IRQHandler
                0x08005170                EXTI9_5_IRQHandler
                0x08005170                DMA1_CH2_IRQHandler
                0x08005170                RTC_WKUP_IRQHandler
                0x08005170                PVD_PVM_IRQHandler
                0x08005170                SPI2_IRQHandler
                0x08005170                DMA1_CH1_IRQHandler
                0x08005170                MemManage_Handler
                0x08005170                CAN1_TX_IRQHandler
                0x08005170                CRS_IRQHandler
                0x08005170                EXTI4_IRQHandler
                0x08005170                RNG_IRQHandler
                0x08005170                TIM1_TRG_COM_TIM17_IRQHandler
                0x08005170                COMP_IRQHandler
                0x08005170                WWDG_IRQHandler
                0x08005170                LPUART1_IRQHandler
                0x08005170                TIM2_IRQHandler
                0x08005170                EXTI1_IRQHandler
                0x08005170                USART2_IRQHandler
                0x08005170                DFSDM1_FLT0_IRQHandler
                0x08005170                I2C2_ER_IRQHandler
                0x08005170                TIM8_BRK_IRQHandler
                0x08005170                CAN1_SCE_IRQHandler
                0x08005170                FLASH_IRQHandler
                0x08005170                BusFault_Handler
                0x08005170                USART1_IRQHandler
                0x08005170                OTG_FS_IRQHandler
                0x08005170                SPI3_IRQHandler
                0x08005170                DMA2_CH6_IRQHandler
                0x08005170                DMA2_CH3_IRQHandler
                0x08005170                DMA2_CH2_IRQHandler
                0x08005170                I2C1_ER_IRQHandler
                0x08005170                FMC_IRQHandler
                0x08005170                DMA1_CH5_IRQHandler
                0x08005170                DMA2_CH4_IRQHandler
                0x08005170                SWPMI1_IRQHandler
                0x08005170                LPTIM1_IRQHandler
                0x08005170                SAI1_IRQHandler
                0x08005170                EXTI2_IRQHandler
 .text.atoi     0x08005172        0x8 /Applications/STM32CubeIDE.app/Contents/Eclipse/plugins/com.st.stm32cube.ide.mcu.externaltools.gnu-tools-for-stm32.14.3.rel1.macosaarch64_1.0.0.202602081740/tools/bin/../lib/gcc/arm-none-eabi/14.3.1/../../../../arm-none-eabi/lib/thumb/v7e-m+fp/hard/libc_nano.a(libc_a-atoi.o)
                0x08005172                atoi
 *fill*         0x0800517a        0x2 
 .text._strtol_l.isra.0
                0x0800517c       0xf4 /Applications/STM32CubeIDE.app/Contents/Eclipse/plugins/com.st.stm32cube.ide.mcu.externaltools.gnu-tools-for-stm32.14.3.rel1.macosaarch64_1.0.0.202602081740/tools/bin/../lib/gcc/arm-none-eabi/14.3.1/../../../../arm-none-eabi/lib/thumb/v7e-m+fp/hard/libc_nano.a(libc_a-strtol.o)
 .text.strtol   0x08005270       0x14 /Applications/STM32CubeIDE.app/Contents/Eclipse/plugins/com.st.stm32cube.ide.mcu.externaltools.gnu-tools-for-stm32.14.3.rel1.macosaarch64_1.0.0.202602081740/tools/bin/../lib/gcc/arm-none-eabi/14.3.1/../../../../arm-none-eabi/lib/thumb/v7e-m+fp/hard/libc_nano.a(libc_a-strtol.o)
                0x08005270                strtol
 .text.__utoa   0x08005284       0x84 /Applications/STM32CubeIDE.app/Contents/Eclipse/plugins/com.st.stm32cube.ide.mcu.externaltools.gnu-tools-for-stm32.14.3.rel1.macosaarch64_1.0.0.202602081740/tools/bin/../lib/gcc/arm-none-eabi/14.3.1/../../../../arm-none-eabi/lib/thumb/v7e-m+fp/hard/libc_nano.a(libc_a-utoa.o)
                0x08005284                __utoa
 .text.utoa     0x08005308        0x4 /Applications/STM32CubeIDE.app/Contents/Eclipse/plugins/com.st.stm32cube.ide.mcu.externaltools.gnu-tools-for-stm32.14.3.rel1.macosaarch64_1.0.0.202602081740/tools/bin/../lib/gcc/arm-none-eabi/14.3.1/../../../../arm-none-eabi/lib/thumb/v7e-m+fp/hard/libc_nano.a(libc_a-utoa.o)
                0x08005308                utoa
 .text.memset   0x0800530c       0x10 /Applications/STM32CubeIDE.app/Contents/Eclipse/plugins/com.st.stm32cube.ide.mcu.externaltools.gnu-tools-for-stm32.14.3.rel1.macosaarch64_1.0.0.202602081740/tools/bin/../lib/gcc/arm-none-eabi/14.3.1/../../../../arm-none-eabi/lib/thumb/v7e-m+fp/hard/libc_nano.a(libc_a-memset.o)
                0x0800530c                memset
 .text.strncmp  0x0800531c       0x24 /Applications/STM32CubeIDE.app/Contents/Eclipse/plugins/com.st.stm32cube.ide.mcu.externaltools.gnu-tools-for-stm32.14.3.rel1.macosaarch64_1.0.0.202602081740/tools/bin/../lib/gcc/arm-none-eabi/14.3.1/../../../../arm-none-eabi/lib/thumb/v7e-m+fp/hard/libc_nano.a(libc_a-strncmp.o)
                0x0800531c                strncmp
 .text.strncpy  0x08005340       0x26 /Applications/STM32CubeIDE.app/Contents/Eclipse/plugins/com.st.stm32cube.ide.mcu.externaltools.gnu-tools-for-stm32.14.3.rel1.macosaarch64_1.0.0.202602081740/tools/bin/../lib/gcc/arm-none-eabi/14.3.1/../../../../arm-none-eabi/lib/thumb/v7e-m+fp/hard/libc_nano.a(libc_a-strncpy.o)
                0x08005340                strncpy
 *fill*         0x08005366        0x2 
 .text.__errno  0x08005368        0xc /Applications/STM32CubeIDE.app/Contents/Eclipse/plugins/com.st.stm32cube.ide.mcu.externaltools.gnu-tools-for-stm32.14.3.rel1.macosaarch64_1.0.0.202602081740/tools/bin/../lib/gcc/arm-none-eabi/14.3.1/../../../../arm-none-eabi/lib/thumb/v7e-m+fp/hard/libc_nano.a(libc_a-errno.o)
                0x08005368                __errno
 .text.__libc_init_array
                0x08005374       0x48 /Applications/STM32CubeIDE.app/Contents/Eclipse/plugins/com.st.stm32cube.ide.mcu.externaltools.gnu-tools-for-stm32.14.3.rel1.macosaarch64_1.0.0.202602081740/tools/bin/../lib/gcc/arm-none-eabi/14.3.1/../../../../arm-none-eabi/lib/thumb/v7e-m+fp/hard/libc_nano.a(libc_a-init.o)
                0x08005374                __libc_init_array
 .text.memcpy   0x080053bc       0x1c /Applications/STM32CubeIDE.app/Contents/Eclipse/plugins/com.st.stm32cube.ide.mcu.externaltools.gnu-tools-for-stm32.14.3.rel1.macosaarch64_1.0.0.202602081740/tools/bin/../lib/gcc/arm-none-eabi/14.3.1/../../../../arm-none-eabi/lib/thumb/v7e-m+fp/hard/libc_nano.a(libc_a-memcpy-stub.o)
                0x080053bc                memcpy
 *(.glue_7)
 .glue_7        0x080053d8        0x0 linker stubs
 *(.glue_7t)
 .glue_7t       0x080053d8        0x0 linker stubs
 *(.eh_frame)
 .eh_frame      0x080053d8        0x0 /Applications/STM32CubeIDE.app/Contents/Eclipse/plugins/com.st.stm32cube.ide.mcu.externaltools.gnu-tools-for-stm32.14.3.rel1.macosaarch64_1.0.0.202602081740/tools/bin/../lib/gcc/arm-none-eabi/14.3.1/thumb/v7e-m+fp/hard/crtbegin.o
 *(.init)
 .init          0x080053d8        0x4 /Applications/STM32CubeIDE.app/Contents/Eclipse/plugins/com.st.stm32cube.ide.mcu.externaltools.gnu-tools-for-stm32.14.3.rel1.macosaarch64_1.0.0.202602081740/tools/bin/../lib/gcc/arm-none-eabi/14.3.1/thumb/v7e-m+fp/hard/crti.o
                0x080053d8                _init
 .init          0x080053dc        0x8 /Applications/STM32CubeIDE.app/Contents/Eclipse/plugins/com.st.stm32cube.ide.mcu.externaltools.gnu-tools-for-stm32.14.3.rel1.macosaarch64_1.0.0.202602081740/tools/bin/../lib/gcc/arm-none-eabi/14.3.1/thumb/v7e-m+fp/hard/crtn.o
 *(.fini)
 .fini          0x080053e4        0x4 /Applications/STM32CubeIDE.app/Contents/Eclipse/plugins/com.st.stm32cube.ide.mcu.externaltools.gnu-tools-for-stm32.14.3.rel1.macosaarch64_1.0.0.202602081740/tools/bin/../lib/gcc/arm-none-eabi/14.3.1/thumb/v7e-m+fp/hard/crti.o
                0x080053e4                _fini
 .fini          0x080053e8        0x8 /Applications/STM32CubeIDE.app/Contents/Eclipse/plugins/com.st.stm32cube.ide.mcu.externaltools.gnu-tools-for-stm32.14.3.rel1.macosaarch64_1.0.0.202602081740/tools/bin/../lib/gcc/arm-none-eabi/14.3.1/thumb/v7e-m+fp/hard/crtn.o
                0x080053f0                        . = ALIGN (0x4)
                0x080053f0                        _etext = .

.vfp11_veneer   0x080053f0        0x0
 .vfp11_veneer  0x080053f0        0x0 linker stubs

.v4_bx          0x080053f0        0x0
 .v4_bx         0x080053f0        0x0 linker stubs

.iplt           0x080053f0        0x0
 .iplt          0x080053f0        0x0 /Applications/STM32CubeIDE.app/Contents/Eclipse/plugins/com.st.stm32cube.ide.mcu.externaltools.gnu-tools-for-stm32.14.3.rel1.macosaarch64_1.0.0.202602081740/tools/bin/../lib/gcc/arm-none-eabi/14.3.1/thumb/v7e-m+fp/hard/crtbegin.o

.rodata         0x080053f0      0x574
                0x080053f0                        . = ALIGN (0x4)
 *(.rodata)
 .rodata        0x080053f0        0x5 ./FreeRTOS/Source/tasks.o
 *fill*         0x080053f5        0x3 
 .rodata        0x080053f8        0xd ./FreeRTOS/Source/timers.o
 *fill*         0x08005405        0x3 
 .rodata        0x08005408       0x6c ./Src/main.o
 .rodata        0x08005474       0x72 ./Src/task_auth.o
 *fill*         0x080054e6        0x2 
 .rodata        0x080054e8      0x224 ./Src/task_cli.o
 .rodata        0x0800570c       0x31 ./Src/task_keypad.o
 *fill*         0x0800573d        0x3 
 .rodata        0x08005740       0x8d ./Src/task_lcd.o
 *fill*         0x080057cd        0x3 
 .rodata        0x080057d0       0x3a ./Src/task_rfid.o
 *(.rodata*)
 *fill*         0x0800580a        0x2 
 .rodata.uxTopUsedPriority
                0x0800580c        0x4 ./FreeRTOS/Source/tasks.o
 .rodata.keypad
                0x08005810       0x10 ./Src/keypad.o
 .rodata.row_pins
                0x08005820        0x4 ./Src/keypad.o
 .rodata.row_ports
                0x08005824       0x10 ./Src/keypad.o
 .rodata.row_offsets.0
                0x08005834        0x2 ./Src/lcd.o
 *fill*         0x08005836        0x2 
 .rodata.auth_uid
                0x08005838        0x4 ./Src/task_auth.o
 .rodata.__utoa.str1.1
                0x0800583c       0x25 /Applications/STM32CubeIDE.app/Contents/Eclipse/plugins/com.st.stm32cube.ide.mcu.externaltools.gnu-tools-for-stm32.14.3.rel1.macosaarch64_1.0.0.202602081740/tools/bin/../lib/gcc/arm-none-eabi/14.3.1/../../../../arm-none-eabi/lib/thumb/v7e-m+fp/hard/libc_nano.a(libc_a-utoa.o)
 .rodata._ctype_
                0x08005861      0x101 /Applications/STM32CubeIDE.app/Contents/Eclipse/plugins/com.st.stm32cube.ide.mcu.externaltools.gnu-tools-for-stm32.14.3.rel1.macosaarch64_1.0.0.202602081740/tools/bin/../lib/gcc/arm-none-eabi/14.3.1/../../../../arm-none-eabi/lib/thumb/v7e-m+fp/hard/libc_nano.a(libc_a-ctype_.o)
                0x08005861                _ctype_
                0x08005964                        . = ALIGN (0x4)
 *fill*         0x08005962        0x2 

.ARM.extab      0x08005964        0x0
                0x08005964                        . = ALIGN (0x4)
 *(.ARM.extab* .gnu.linkonce.armextab.*)
                0x08005964                        . = ALIGN (0x4)

.ARM            0x08005964        0x8
                0x08005964                        . = ALIGN (0x4)
                0x08005964                        __exidx_start = .
 *(.ARM.exidx*)
 .ARM.exidx     0x08005964        0x8 /Applications/STM32CubeIDE.app/Contents/Eclipse/plugins/com.st.stm32cube.ide.mcu.externaltools.gnu-tools-for-stm32.14.3.rel1.macosaarch64_1.0.0.202602081740/tools/bin/../lib/gcc/arm-none-eabi/14.3.1/../../../../arm-none-eabi/lib/thumb/v7e-m+fp/hard/libc_nano.a(libc_a-strcmp.o)
 .ARM.exidx     0x0800596c        0x0 /Applications/STM32CubeIDE.app/Contents/Eclipse/plugins/com.st.stm32cube.ide.mcu.externaltools.gnu-tools-for-stm32.14.3.rel1.macosaarch64_1.0.0.202602081740/tools/bin/../lib/gcc/arm-none-eabi/14.3.1/../../../../arm-none-eabi/lib/thumb/v7e-m+fp/hard/libc_nano.a(libc_a-strlen.o)
                                  0x8 (size before relaxing)
 .ARM.exidx     0x0800596c        0x0 /Applications/STM32CubeIDE.app/Contents/Eclipse/plugins/com.st.stm32cube.ide.mcu.externaltools.gnu-tools-for-stm32.14.3.rel1.macosaarch64_1.0.0.202602081740/tools/bin/../lib/gcc/arm-none-eabi/14.3.1/thumb/v7e-m+fp/hard/libgcc.a(_udivmoddi4.o)
                                  0x8 (size before relaxing)
                0x0800596c                        __exidx_end = .
                0x0800596c                        . = ALIGN (0x4)

.preinit_array  0x0800596c        0x0
                0x0800596c                        . = ALIGN (0x4)
                0x0800596c                        PROVIDE (__preinit_array_start = .)
 *(.preinit_array*)
                0x0800596c                        PROVIDE (__preinit_array_end = .)
                0x0800596c                        . = ALIGN (0x4)

.init_array     0x0800596c        0x4
                0x0800596c                        . = ALIGN (0x4)
                0x0800596c                        PROVIDE (__init_array_start = .)
 *(SORT_BY_NAME(.init_array.*))
 *(.init_array*)
 .init_array    0x0800596c        0x4 /Applications/STM32CubeIDE.app/Contents/Eclipse/plugins/com.st.stm32cube.ide.mcu.externaltools.gnu-tools-for-stm32.14.3.rel1.macosaarch64_1.0.0.202602081740/tools/bin/../lib/gcc/arm-none-eabi/14.3.1/thumb/v7e-m+fp/hard/crtbegin.o
                0x08005970                        PROVIDE (__init_array_end = .)
                0x08005970                        . = ALIGN (0x4)

.fini_array     0x08005970        0x4
                0x08005970                        . = ALIGN (0x4)
                [!provide]                        PROVIDE (__fini_array_start = .)
 *(SORT_BY_NAME(.fini_array.*))
 *(.fini_array*)
 .fini_array    0x08005970        0x4 /Applications/STM32CubeIDE.app/Contents/Eclipse/plugins/com.st.stm32cube.ide.mcu.externaltools.gnu-tools-for-stm32.14.3.rel1.macosaarch64_1.0.0.202602081740/tools/bin/../lib/gcc/arm-none-eabi/14.3.1/thumb/v7e-m+fp/hard/crtbegin.o
                [!provide]                        PROVIDE (__fini_array_end = .)
                0x08005974                        . = ALIGN (0x4)
                0x08005974                        _sidata = LOADADDR (.data)

.rel.dyn        0x08005974        0x0
 .rel.iplt      0x08005974        0x0 /Applications/STM32CubeIDE.app/Contents/Eclipse/plugins/com.st.stm32cube.ide.mcu.externaltools.gnu-tools-for-stm32.14.3.rel1.macosaarch64_1.0.0.202602081740/tools/bin/../lib/gcc/arm-none-eabi/14.3.1/thumb/v7e-m+fp/hard/crtbegin.o

.data           0x20000000       0x58 load address 0x08005974
                0x20000000                        . = ALIGN (0x4)
                0x20000000                        _sdata = .
 *(.data)
 *(.data*)
 .data.uxCriticalNesting
                0x20000000        0x4 ./FreeRTOS/portable/GCC/ARM_CM4F/port.o
 .data.backlight_state
                0x20000004        0x1 ./Src/lcd.o
 *fill*         0x20000005        0x3 
 .data._impure_ptr
                0x20000008        0x4 /Applications/STM32CubeIDE.app/Contents/Eclipse/plugins/com.st.stm32cube.ide.mcu.externaltools.gnu-tools-for-stm32.14.3.rel1.macosaarch64_1.0.0.202602081740/tools/bin/../lib/gcc/arm-none-eabi/14.3.1/../../../../arm-none-eabi/lib/thumb/v7e-m+fp/hard/libc_nano.a(libc_a-impure.o)
                0x20000008                _impure_ptr
 .data._impure_data
                0x2000000c       0x4c /Applications/STM32CubeIDE.app/Contents/Eclipse/plugins/com.st.stm32cube.ide.mcu.externaltools.gnu-tools-for-stm32.14.3.rel1.macosaarch64_1.0.0.202602081740/tools/bin/../lib/gcc/arm-none-eabi/14.3.1/../../../../arm-none-eabi/lib/thumb/v7e-m+fp/hard/libc_nano.a(libc_a-impure.o)
                0x2000000c                _impure_data
 *(.RamFunc)
 *(.RamFunc*)
                0x20000058                        . = ALIGN (0x4)
                0x20000058                        _edata = .
                0x080059cc                        _sisram2 = LOADADDR (.sram2)

.igot.plt       0x20000058        0x0 load address 0x080059cc
 .igot.plt      0x20000058        0x0 /Applications/STM32CubeIDE.app/Contents/Eclipse/plugins/com.st.stm32cube.ide.mcu.externaltools.gnu-tools-for-stm32.14.3.rel1.macosaarch64_1.0.0.202602081740/tools/bin/../lib/gcc/arm-none-eabi/14.3.1/thumb/v7e-m+fp/hard/crtbegin.o

.sram2          0x10000000        0x0 load address 0x080059cc
                0x10000000                        . = ALIGN (0x4)
                0x10000000                        _ssram2 = .
 *(.sram2)
 *(.sram2*)
                0x10000000                        . = ALIGN (0x4)
                0x10000000                        _esram2 = .
                0x10000000                        . = ALIGN (0x4)

.bss            0x20000058     0x6354
                0x20000058                        _sbss = .
                0x20000058                        __bss_start__ = _sbss
 *(.bss)
 .bss           0x20000058       0x1c /Applications/STM32CubeIDE.app/Contents/Eclipse/plugins/com.st.stm32cube.ide.mcu.externaltools.gnu-tools-for-stm32.14.3.rel1.macosaarch64_1.0.0.202602081740/tools/bin/../lib/gcc/arm-none-eabi/14.3.1/thumb/v7e-m+fp/hard/crtbegin.o
 *(.bss*)
 .bss.xQueueRegistry
                0x20000074       0x40 ./FreeRTOS/Source/queue.o
                0x20000074                xQueueRegistry
 .bss.pxCurrentTCB
                0x200000b4        0x4 ./FreeRTOS/Source/tasks.o
                0x200000b4                pxCurrentTCB
 .bss.pxReadyTasksLists
                0x200000b8       0xa0 ./FreeRTOS/Source/tasks.o
 .bss.xDelayedTaskList1
                0x20000158       0x14 ./FreeRTOS/Source/tasks.o
 .bss.xDelayedTaskList2
                0x2000016c       0x14 ./FreeRTOS/Source/tasks.o
 .bss.pxDelayedTaskList
                0x20000180        0x4 ./FreeRTOS/Source/tasks.o
 .bss.pxOverflowDelayedTaskList
                0x20000184        0x4 ./FreeRTOS/Source/tasks.o
 .bss.xPendingReadyList
                0x20000188       0x14 ./FreeRTOS/Source/tasks.o
 .bss.xTasksWaitingTermination
                0x2000019c       0x14 ./FreeRTOS/Source/tasks.o
 .bss.uxDeletedTasksWaitingCleanUp
                0x200001b0        0x4 ./FreeRTOS/Source/tasks.o
 .bss.xSuspendedTaskList
                0x200001b4       0x14 ./FreeRTOS/Source/tasks.o
 .bss.uxCurrentNumberOfTasks
                0x200001c8        0x4 ./FreeRTOS/Source/tasks.o
 .bss.xTickCount
                0x200001cc        0x4 ./FreeRTOS/Source/tasks.o
 .bss.uxTopReadyPriority
                0x200001d0        0x4 ./FreeRTOS/Source/tasks.o
 .bss.xSchedulerRunning
                0x200001d4        0x4 ./FreeRTOS/Source/tasks.o
 .bss.xPendedTicks
                0x200001d8        0x4 ./FreeRTOS/Source/tasks.o
 .bss.xYieldPendings
                0x200001dc        0x4 ./FreeRTOS/Source/tasks.o
 .bss.xNumOfOverflows
                0x200001e0        0x4 ./FreeRTOS/Source/tasks.o
 .bss.uxTaskNumber
                0x200001e4        0x4 ./FreeRTOS/Source/tasks.o
 .bss.xNextTaskUnblockTime
                0x200001e8        0x4 ./FreeRTOS/Source/tasks.o
 .bss.xIdleTaskHandles
                0x200001ec        0x4 ./FreeRTOS/Source/tasks.o
 .bss.uxSchedulerSuspended
                0x200001f0        0x4 ./FreeRTOS/Source/tasks.o
 .bss.xActiveTimerList1
                0x200001f4       0x14 ./FreeRTOS/Source/timers.o
 .bss.xActiveTimerList2
                0x20000208       0x14 ./FreeRTOS/Source/timers.o
 .bss.pxCurrentTimerList
                0x2000021c        0x4 ./FreeRTOS/Source/timers.o
 .bss.pxOverflowTimerList
                0x20000220        0x4 ./FreeRTOS/Source/timers.o
 .bss.xTimerQueue
                0x20000224        0x4 ./FreeRTOS/Source/timers.o
 .bss.xTimerTaskHandle
                0x20000228        0x4 ./FreeRTOS/Source/timers.o
 .bss.xLastTime.0
                0x2000022c        0x4 ./FreeRTOS/Source/timers.o
 .bss.ucMaxSysCallPriority
                0x20000230        0x1 ./FreeRTOS/portable/GCC/ARM_CM4F/port.o
 *fill*         0x20000231        0x3 
 .bss.ulMaxPRIGROUPValue
                0x20000234        0x4 ./FreeRTOS/portable/GCC/ARM_CM4F/port.o
 .bss.ucHeap    0x20000238     0x6000 ./FreeRTOS/portable/MemMang/heap_4.o
 .bss.xStart    0x20006238        0x8 ./FreeRTOS/portable/MemMang/heap_4.o
 .bss.pxEnd     0x20006240        0x4 ./FreeRTOS/portable/MemMang/heap_4.o
 .bss.xFreeBytesRemaining
                0x20006244        0x4 ./FreeRTOS/portable/MemMang/heap_4.o
 .bss.xMinimumEverFreeBytesRemaining
                0x20006248        0x4 ./FreeRTOS/portable/MemMang/heap_4.o
 .bss.xNumberOfSuccessfulAllocations
                0x2000624c        0x4 ./FreeRTOS/portable/MemMang/heap_4.o
 .bss.xNumberOfSuccessfulFrees
                0x20006250        0x4 ./FreeRTOS/portable/MemMang/heap_4.o
 .bss.rfid_card_detected
                0x20006254        0x1 ./Src/RFID.o
                0x20006254                rfid_card_detected
 *fill*         0x20006255        0x3 
 .bss.detected_card
                0x20006258        0x7 ./Src/RFID.o
                0x20006258                detected_card
 *fill*         0x2000625f        0x1 
 .bss.log_index
                0x20006260        0x4 ./Src/flash_log.o
 .bss.xQueueRFID
                0x20006264        0x4 ./Src/main.o
                0x20006264                xQueueRFID
 .bss.xQueueKeypad
                0x20006268        0x4 ./Src/main.o
                0x20006268                xQueueKeypad
 .bss.xQueueAuth
                0x2000626c        0x4 ./Src/main.o
                0x2000626c                xQueueAuth
 .bss.xQueueKeyChar
                0x20006270        0x4 ./Src/main.o
                0x20006270                xQueueKeyChar
 .bss.__sf      0x20006274      0x138 /Applications/STM32CubeIDE.app/Contents/Eclipse/plugins/com.st.stm32cube.ide.mcu.externaltools.gnu-tools-for-stm32.14.3.rel1.macosaarch64_1.0.0.202602081740/tools/bin/../lib/gcc/arm-none-eabi/14.3.1/../../../../arm-none-eabi/lib/thumb/v7e-m+fp/hard/libc_nano.a(libc_a-findfp.o)
                0x20006274                __sf
 *(COMMON)
                0x200063ac                        . = ALIGN (0x4)
                0x200063ac                        _ebss = .
                0x200063ac                        __bss_end__ = _ebss

._user_heap_stack
                0x200063ac      0x604
                0x200063b0                        . = ALIGN (0x8)
 *fill*         0x200063ac        0x4 
                [!provide]                        PROVIDE (end = .)
                0x200063b0                        PROVIDE (_end = .)
                0x200065b0                        . = (. + _Min_Heap_Size)
 *fill*         0x200063b0      0x200 
                0x200069b0                        . = (. + _Min_Stack_Size)
 *fill*         0x200065b0      0x400 
                0x200069b0                        . = ALIGN (0x8)

/DISCARD/
 libc.a(*)
 libm.a(*)
 libgcc.a(*)

.ARM.attributes
                0x00000000       0x30
 *(.ARM.attributes)
 .ARM.attributes
                0x00000000       0x22 /Applications/STM32CubeIDE.app/Contents/Eclipse/plugins/com.st.stm32cube.ide.mcu.externaltools.gnu-tools-for-stm32.14.3.rel1.macosaarch64_1.0.0.202602081740/tools/bin/../lib/gcc/arm-none-eabi/14.3.1/thumb/v7e-m+fp/hard/crti.o
 .ARM.attributes
                0x00000022       0x34 /Applications/STM32CubeIDE.app/Contents/Eclipse/plugins/com.st.stm32cube.ide.mcu.externaltools.gnu-tools-for-stm32.14.3.rel1.macosaarch64_1.0.0.202602081740/tools/bin/../lib/gcc/arm-none-eabi/14.3.1/thumb/v7e-m+fp/hard/crtbegin.o
 .ARM.attributes
                0x00000056       0x34 ./FreeRTOS/Source/list.o
 .ARM.attributes
                0x0000008a       0x34 ./FreeRTOS/Source/queue.o
 .ARM.attributes
                0x000000be       0x34 ./FreeRTOS/Source/tasks.o
 .ARM.attributes
                0x000000f2       0x34 ./FreeRTOS/Source/timers.o
 .ARM.attributes
                0x00000126       0x34 ./FreeRTOS/portable/GCC/ARM_CM4F/port.o
 .ARM.attributes
                0x0000015a       0x34 ./FreeRTOS/portable/MemMang/heap_4.o
 .ARM.attributes
                0x0000018e       0x34 ./Src/RFID.o
 .ARM.attributes
                0x000001c2       0x34 ./Src/flash_log.o
 .ARM.attributes
                0x000001f6       0x34 ./Src/keypad.o
 .ARM.attributes
                0x0000022a       0x34 ./Src/lcd.o
 .ARM.attributes
                0x0000025e       0x34 ./Src/main.o
 .ARM.attributes
                0x00000292       0x34 ./Src/rtc.o
 .ARM.attributes
                0x000002c6       0x34 ./Src/task_auth.o
 .ARM.attributes
                0x000002fa       0x34 ./Src/task_cli.o
 .ARM.attributes
                0x0000032e       0x34 ./Src/task_keypad.o
 .ARM.attributes
                0x00000362       0x34 ./Src/task_lcd.o
 .ARM.attributes
                0x00000396       0x34 ./Src/task_rfid.o
 .ARM.attributes
                0x000003ca       0x34 ./Src/uart.o
 .ARM.attributes
                0x000003fe       0x34 ./Src/watchdog.o
 .ARM.attributes
                0x00000432       0x21 ./Startup/startup_stm32l476rgtx.o
 .ARM.attributes
                0x00000453       0x34 /Applications/STM32CubeIDE.app/Contents/Eclipse/plugins/com.st.stm32cube.ide.mcu.externaltools.gnu-tools-for-stm32.14.3.rel1.macosaarch64_1.0.0.202602081740/tools/bin/../lib/gcc/arm-none-eabi/14.3.1/../../../../arm-none-eabi/lib/thumb/v7e-m+fp/hard/libc_nano.a(libc_a-atoi.o)
 .ARM.attributes
                0x00000487       0x34 /Applications/STM32CubeIDE.app/Contents/Eclipse/plugins/com.st.stm32cube.ide.mcu.externaltools.gnu-tools-for-stm32.14.3.rel1.macosaarch64_1.0.0.202602081740/tools/bin/../lib/gcc/arm-none-eabi/14.3.1/../../../../arm-none-eabi/lib/thumb/v7e-m+fp/hard/libc_nano.a(libc_a-findfp.o)
 .ARM.attributes
                0x000004bb       0x34 /Applications/STM32CubeIDE.app/Contents/Eclipse/plugins/com.st.stm32cube.ide.mcu.externaltools.gnu-tools-for-stm32.14.3.rel1.macosaarch64_1.0.0.202602081740/tools/bin/../lib/gcc/arm-none-eabi/14.3.1/../../../../arm-none-eabi/lib/thumb/v7e-m+fp/hard/libc_nano.a(libc_a-strtol.o)
 .ARM.attributes
                0x000004ef       0x34 /Applications/STM32CubeIDE.app/Contents/Eclipse/plugins/com.st.stm32cube.ide.mcu.externaltools.gnu-tools-for-stm32.14.3.rel1.macosaarch64_1.0.0.202602081740/tools/bin/../lib/gcc/arm-none-eabi/14.3.1/../../../../arm-none-eabi/lib/thumb/v7e-m+fp/hard/libc_nano.a(libc_a-utoa.o)
 .ARM.attributes
                0x00000523       0x34 /Applications/STM32CubeIDE.app/Contents/Eclipse/plugins/com.st.stm32cube.ide.mcu.externaltools.gnu-tools-for-stm32.14.3.rel1.macosaarch64_1.0.0.202602081740/tools/bin/../lib/gcc/arm-none-eabi/14.3.1/../../../../arm-none-eabi/lib/thumb/v7e-m+fp/hard/libc_nano.a(libc_a-memset.o)
 .ARM.attributes
                0x00000557       0x34 /Applications/STM32CubeIDE.app/Contents/Eclipse/plugins/com.st.stm32cube.ide.mcu.externaltools.gnu-tools-for-stm32.14.3.rel1.macosaarch64_1.0.0.202602081740/tools/bin/../lib/gcc/arm-none-eabi/14.3.1/../../../../arm-none-eabi/lib/thumb/v7e-m+fp/hard/libc_nano.a(libc_a-strncmp.o)
 .ARM.attributes
                0x0000058b       0x34 /Applications/STM32CubeIDE.app/Contents/Eclipse/plugins/com.st.stm32cube.ide.mcu.externaltools.gnu-tools-for-stm32.14.3.rel1.macosaarch64_1.0.0.202602081740/tools/bin/../lib/gcc/arm-none-eabi/14.3.1/../../../../arm-none-eabi/lib/thumb/v7e-m+fp/hard/libc_nano.a(libc_a-strncpy.o)
 .ARM.attributes
                0x000005bf       0x34 /Applications/STM32CubeIDE.app/Contents/Eclipse/plugins/com.st.stm32cube.ide.mcu.externaltools.gnu-tools-for-stm32.14.3.rel1.macosaarch64_1.0.0.202602081740/tools/bin/../lib/gcc/arm-none-eabi/14.3.1/../../../../arm-none-eabi/lib/thumb/v7e-m+fp/hard/libc_nano.a(libc_a-errno.o)
 .ARM.attributes
                0x000005f3       0x34 /Applications/STM32CubeIDE.app/Contents/Eclipse/plugins/com.st.stm32cube.ide.mcu.externaltools.gnu-tools-for-stm32.14.3.rel1.macosaarch64_1.0.0.202602081740/tools/bin/../lib/gcc/arm-none-eabi/14.3.1/../../../../arm-none-eabi/lib/thumb/v7e-m+fp/hard/libc_nano.a(libc_a-init.o)
 .ARM.attributes
                0x00000627       0x34 /Applications/STM32CubeIDE.app/Contents/Eclipse/plugins/com.st.stm32cube.ide.mcu.externaltools.gnu-tools-for-stm32.14.3.rel1.macosaarch64_1.0.0.202602081740/tools/bin/../lib/gcc/arm-none-eabi/14.3.1/../../../../arm-none-eabi/lib/thumb/v7e-m+fp/hard/libc_nano.a(libc_a-impure.o)
 .ARM.attributes
                0x0000065b       0x20 /Applications/STM32CubeIDE.app/Contents/Eclipse/plugins/com.st.stm32cube.ide.mcu.externaltools.gnu-tools-for-stm32.14.3.rel1.macosaarch64_1.0.0.202602081740/tools/bin/../lib/gcc/arm-none-eabi/14.3.1/../../../../arm-none-eabi/lib/thumb/v7e-m+fp/hard/libc_nano.a(libc_a-strcmp.o)
 .ARM.attributes
                0x0000067b       0x34 /Applications/STM32CubeIDE.app/Contents/Eclipse/plugins/com.st.stm32cube.ide.mcu.externaltools.gnu-tools-for-stm32.14.3.rel1.macosaarch64_1.0.0.202602081740/tools/bin/../lib/gcc/arm-none-eabi/14.3.1/../../../../arm-none-eabi/lib/thumb/v7e-m+fp/hard/libc_nano.a(libc_a-memcpy-stub.o)
 .ARM.attributes
                0x000006af       0x17 /Applications/STM32CubeIDE.app/Contents/Eclipse/plugins/com.st.stm32cube.ide.mcu.externaltools.gnu-tools-for-stm32.14.3.rel1.macosaarch64_1.0.0.202602081740/tools/bin/../lib/gcc/arm-none-eabi/14.3.1/../../../../arm-none-eabi/lib/thumb/v7e-m+fp/hard/libc_nano.a(libc_a-strlen.o)
 .ARM.attributes
                0x000006c6       0x34 /Applications/STM32CubeIDE.app/Contents/Eclipse/plugins/com.st.stm32cube.ide.mcu.externaltools.gnu-tools-for-stm32.14.3.rel1.macosaarch64_1.0.0.202602081740/tools/bin/../lib/gcc/arm-none-eabi/14.3.1/../../../../arm-none-eabi/lib/thumb/v7e-m+fp/hard/libc_nano.a(libc_a-ctype_.o)
 .ARM.attributes
                0x000006fa       0x22 /Applications/STM32CubeIDE.app/Contents/Eclipse/plugins/com.st.stm32cube.ide.mcu.externaltools.gnu-tools-for-stm32.14.3.rel1.macosaarch64_1.0.0.202602081740/tools/bin/../lib/gcc/arm-none-eabi/14.3.1/thumb/v7e-m+fp/hard/libgcc.a(_aeabi_uldivmod.o)
 .ARM.attributes
                0x0000071c       0x34 /Applications/STM32CubeIDE.app/Contents/Eclipse/plugins/com.st.stm32cube.ide.mcu.externaltools.gnu-tools-for-stm32.14.3.rel1.macosaarch64_1.0.0.202602081740/tools/bin/../lib/gcc/arm-none-eabi/14.3.1/thumb/v7e-m+fp/hard/libgcc.a(_udivmoddi4.o)
 .ARM.attributes
                0x00000750       0x22 /Applications/STM32CubeIDE.app/Contents/Eclipse/plugins/com.st.stm32cube.ide.mcu.externaltools.gnu-tools-for-stm32.14.3.rel1.macosaarch64_1.0.0.202602081740/tools/bin/../lib/gcc/arm-none-eabi/14.3.1/thumb/v7e-m+fp/hard/libgcc.a(_dvmd_tls.o)
 .ARM.attributes
                0x00000772       0x22 /Applications/STM32CubeIDE.app/Contents/Eclipse/plugins/com.st.stm32cube.ide.mcu.externaltools.gnu-tools-for-stm32.14.3.rel1.macosaarch64_1.0.0.202602081740/tools/bin/../lib/gcc/arm-none-eabi/14.3.1/thumb/v7e-m+fp/hard/crtn.o
OUTPUT(SmartDoor_RTOS.elf elf32-littlearm)
LOAD linker stubs
LOAD /Applications/STM32CubeIDE.app/Contents/Eclipse/plugins/com.st.stm32cube.ide.mcu.externaltools.gnu-tools-for-stm32.14.3.rel1.macosaarch64_1.0.0.202602081740/tools/bin/../lib/gcc/arm-none-eabi/14.3.1/../../../../arm-none-eabi/lib/thumb/v7e-m+fp/hard/libc.a
LOAD /Applications/STM32CubeIDE.app/Contents/Eclipse/plugins/com.st.stm32cube.ide.mcu.externaltools.gnu-tools-for-stm32.14.3.rel1.macosaarch64_1.0.0.202602081740/tools/bin/../lib/gcc/arm-none-eabi/14.3.1/../../../../arm-none-eabi/lib/thumb/v7e-m+fp/hard/libm.a
LOAD /Applications/STM32CubeIDE.app/Contents/Eclipse/plugins/com.st.stm32cube.ide.mcu.externaltools.gnu-tools-for-stm32.14.3.rel1.macosaarch64_1.0.0.202602081740/tools/bin/../lib/gcc/arm-none-eabi/14.3.1/thumb/v7e-m+fp/hard/libgcc.a

.debug_info     0x00000000     0x93c8
 .debug_info    0x00000000      0x2aa ./FreeRTOS/Source/list.o
 .debug_info    0x000002aa     0x150d ./FreeRTOS/Source/queue.o
 .debug_info    0x000017b7     0x210f ./FreeRTOS/Source/tasks.o
 .debug_info    0x000038c6      0xdd6 ./FreeRTOS/Source/timers.o
 .debug_info    0x0000469c      0x4e5 ./FreeRTOS/portable/GCC/ARM_CM4F/port.o
 .debug_info    0x00004b81      0x567 ./FreeRTOS/portable/MemMang/heap_4.o
 .debug_info    0x000050e8      0xdeb ./Src/RFID.o
 .debug_info    0x00005ed3      0x4d1 ./Src/flash_log.o
 .debug_info    0x000063a4      0x49d ./Src/keypad.o
 .debug_info    0x00006841      0x67e ./Src/lcd.o
 .debug_info    0x00006ebf      0x2cf ./Src/main.o
 .debug_info    0x0000718e      0x7ba ./Src/rtc.o
 .debug_info    0x00007948      0x4e5 ./Src/task_auth.o
 .debug_info    0x00007e2d      0x554 ./Src/task_cli.o
 .debug_info    0x00008381      0x22e ./Src/task_keypad.o
 .debug_info    0x000085af      0x296 ./Src/task_lcd.o
 .debug_info    0x00008845      0x360 ./Src/task_rfid.o
 .debug_info    0x00008ba5      0x4db ./Src/uart.o
 .debug_info    0x00009080      0x318 ./Src/watchdog.o
 .debug_info    0x00009398       0x30 ./Startup/startup_stm32l476rgtx.o

.debug_abbrev   0x00000000     0x23b0
 .debug_abbrev  0x00000000       0xee ./FreeRTOS/Source/list.o
 .debug_abbrev  0x000000ee      0x337 ./FreeRTOS/Source/queue.o
 .debug_abbrev  0x00000425      0x3aa ./FreeRTOS/Source/tasks.o
 .debug_abbrev  0x000007cf      0x2aa ./FreeRTOS/Source/timers.o
 .debug_abbrev  0x00000a79      0x249 ./FreeRTOS/portable/GCC/ARM_CM4F/port.o
 .debug_abbrev  0x00000cc2      0x22c ./FreeRTOS/portable/MemMang/heap_4.o
 .debug_abbrev  0x00000eee      0x2ea ./Src/RFID.o
 .debug_abbrev  0x000011d8      0x1e6 ./Src/flash_log.o
 .debug_abbrev  0x000013be      0x168 ./Src/keypad.o
 .debug_abbrev  0x00001526      0x1cb ./Src/lcd.o
 .debug_abbrev  0x000016f1       0xee ./Src/main.o
 .debug_abbrev  0x000017df      0x15c ./Src/rtc.o
 .debug_abbrev  0x0000193b      0x1cd ./Src/task_auth.o
 .debug_abbrev  0x00001b08      0x1a9 ./Src/task_cli.o
 .debug_abbrev  0x00001cb1      0x154 ./Src/task_keypad.o
 .debug_abbrev  0x00001e05      0x18d ./Src/task_lcd.o
 .debug_abbrev  0x00001f92      0x1fd ./Src/task_rfid.o
 .debug_abbrev  0x0000218f      0x12a ./Src/uart.o
 .debug_abbrev  0x000022b9       0xd3 ./Src/watchdog.o
 .debug_abbrev  0x0000238c       0x24 ./Startup/startup_stm32l476rgtx.o

.debug_aranges  0x00000000      0x8d8
 .debug_aranges
                0x00000000       0x40 ./FreeRTOS/Source/list.o
 .debug_aranges
                0x00000040      0x118 ./FreeRTOS/Source/queue.o
 .debug_aranges
                0x00000158      0x1e0 ./FreeRTOS/Source/tasks.o
 .debug_aranges
                0x00000338       0xe8 ./FreeRTOS/Source/timers.o
 .debug_aranges
                0x00000420       0x80 ./FreeRTOS/portable/GCC/ARM_CM4F/port.o
 .debug_aranges
                0x000004a0       0x70 ./FreeRTOS/portable/MemMang/heap_4.o
 .debug_aranges
                0x00000510       0x90 ./Src/RFID.o
 .debug_aranges
                0x000005a0       0x68 ./Src/flash_log.o
 .debug_aranges
                0x00000608       0x40 ./Src/keypad.o
 .debug_aranges
                0x00000648       0x90 ./Src/lcd.o
 .debug_aranges
                0x000006d8       0x20 ./Src/main.o
 .debug_aranges
                0x000006f8       0x40 ./Src/rtc.o
 .debug_aranges
                0x00000738       0x28 ./Src/task_auth.o
 .debug_aranges
                0x00000760       0x58 ./Src/task_cli.o
 .debug_aranges
                0x000007b8       0x20 ./Src/task_keypad.o
 .debug_aranges
                0x000007d8       0x38 ./Src/task_lcd.o
 .debug_aranges
                0x00000810       0x38 ./Src/task_rfid.o
 .debug_aranges
                0x00000848       0x38 ./Src/uart.o
 .debug_aranges
                0x00000880       0x30 ./Src/watchdog.o
 .debug_aranges
                0x000008b0       0x28 ./Startup/startup_stm32l476rgtx.o

.debug_rnglists
                0x00000000      0x698
 .debug_rnglists
                0x00000000       0x2b ./FreeRTOS/Source/list.o
 .debug_rnglists
                0x0000002b       0xda ./FreeRTOS/Source/queue.o
 .debug_rnglists
                0x00000105      0x18d ./FreeRTOS/Source/tasks.o
 .debug_rnglists
                0x00000292       0xad ./FreeRTOS/Source/timers.o
 .debug_rnglists
                0x0000033f       0x5c ./FreeRTOS/portable/GCC/ARM_CM4F/port.o
 .debug_rnglists
                0x0000039b       0x54 ./FreeRTOS/portable/MemMang/heap_4.o
 .debug_rnglists
                0x000003ef       0x6b ./Src/RFID.o
 .debug_rnglists
                0x0000045a       0x4b ./Src/flash_log.o
 .debug_rnglists
                0x000004a5       0x2d ./Src/keypad.o
 .debug_rnglists
                0x000004d2       0x69 ./Src/lcd.o
 .debug_rnglists
                0x0000053b       0x14 ./Src/main.o
 .debug_rnglists
                0x0000054f       0x2e ./Src/rtc.o
 .debug_rnglists
                0x0000057d       0x1b ./Src/task_auth.o
 .debug_rnglists
                0x00000598       0x43 ./Src/task_cli.o
 .debug_rnglists
                0x000005db       0x14 ./Src/task_keypad.o
 .debug_rnglists
                0x000005ef       0x26 ./Src/task_lcd.o
 .debug_rnglists
                0x00000615       0x26 ./Src/task_rfid.o
 .debug_rnglists
                0x0000063b       0x25 ./Src/uart.o
 .debug_rnglists
                0x00000660       0x1f ./Src/watchdog.o
 .debug_rnglists
                0x0000067f       0x19 ./Startup/startup_stm32l476rgtx.o

.debug_macro    0x00000000    0x20a78
 .debug_macro   0x00000000      0x1bb ./FreeRTOS/Source/list.o
 .debug_macro   0x000001bb      0xade ./FreeRTOS/Source/list.o
 .debug_macro   0x00000c99       0x2a ./FreeRTOS/Source/list.o
 .debug_macro   0x00000cc3       0x22 ./FreeRTOS/Source/list.o
 .debug_macro   0x00000ce5       0x5b ./FreeRTOS/Source/list.o
 .debug_macro   0x00000d40       0x94 ./FreeRTOS/Source/list.o
 .debug_macro   0x00000dd4       0x43 ./FreeRTOS/Source/list.o
 .debug_macro   0x00000e17       0x34 ./FreeRTOS/Source/list.o
 .debug_macro   0x00000e4b       0x16 ./FreeRTOS/Source/list.o
 .debug_macro   0x00000e61      0x11c ./FreeRTOS/Source/list.o
 .debug_macro   0x00000f7d       0x9b ./FreeRTOS/Source/list.o
 .debug_macro   0x00001018       0x57 ./FreeRTOS/Source/list.o
 .debug_macro   0x0000106f      0x364 ./FreeRTOS/Source/list.o
 .debug_macro   0x000013d3       0x16 ./FreeRTOS/Source/list.o
 .debug_macro   0x000013e9       0x4a ./FreeRTOS/Source/list.o
 .debug_macro   0x00001433       0x34 ./FreeRTOS/Source/list.o
 .debug_macro   0x00001467       0x10 ./FreeRTOS/Source/list.o
 .debug_macro   0x00001477       0x58 ./FreeRTOS/Source/list.o
 .debug_macro   0x000014cf       0x8e ./FreeRTOS/Source/list.o
 .debug_macro   0x0000155d       0x1c ./FreeRTOS/Source/list.o
 .debug_macro   0x00001579      0x17e ./FreeRTOS/Source/list.o
 .debug_macro   0x000016f7       0x16 ./FreeRTOS/Source/list.o
 .debug_macro   0x0000170d       0x29 ./FreeRTOS/Source/list.o
 .debug_macro   0x00001736      0x103 ./FreeRTOS/Source/list.o
 .debug_macro   0x00001839       0x6a ./FreeRTOS/Source/list.o
 .debug_macro   0x000018a3      0x1df ./FreeRTOS/Source/list.o
 .debug_macro   0x00001a82       0x16 ./FreeRTOS/Source/list.o
 .debug_macro   0x00001a98       0xfb ./FreeRTOS/Source/list.o
 .debug_macro   0x00001b93      0x124 ./FreeRTOS/Source/list.o
 .debug_macro   0x00001cb7       0x34 ./FreeRTOS/Source/list.o
 .debug_macro   0x00001ceb      0x182 ./FreeRTOS/Source/list.o
 .debug_macro   0x00001e6d       0xee ./FreeRTOS/Source/list.o
 .debug_macro   0x00001f5b       0x3a ./FreeRTOS/Source/list.o
 .debug_macro   0x00001f95       0x1f ./FreeRTOS/Source/list.o
 .debug_macro   0x00001fb4       0x12 ./FreeRTOS/Source/list.o
 .debug_macro   0x00001fc6     0x100a ./FreeRTOS/Source/list.o
 .debug_macro   0x00002fd0       0xc3 ./FreeRTOS/Source/list.o
 .debug_macro   0x00003093      0x252 ./FreeRTOS/Source/queue.o
 .debug_macro   0x000032e5       0x16 ./FreeRTOS/Source/queue.o
 .debug_macro   0x000032fb       0x3c ./FreeRTOS/Source/queue.o
 .debug_macro   0x00003337       0x20 ./FreeRTOS/Source/queue.o
 .debug_macro   0x00003357      0x161 ./FreeRTOS/Source/queue.o
 .debug_macro   0x000034b8       0x80 ./FreeRTOS/Source/queue.o
 .debug_macro   0x00003538      0x2df ./FreeRTOS/Source/tasks.o
 .debug_macro   0x00003817       0x98 ./FreeRTOS/Source/tasks.o
 .debug_macro   0x000038af       0x17 ./FreeRTOS/Source/tasks.o
 .debug_macro   0x000038c6      0x20a ./FreeRTOS/Source/timers.o
 .debug_macro   0x00003ad0       0x9e ./FreeRTOS/Source/timers.o
 .debug_macro   0x00003b6e      0x1e8 ./FreeRTOS/portable/GCC/ARM_CM4F/port.o
 .debug_macro   0x00003d56       0x8e ./FreeRTOS/portable/GCC/ARM_CM4F/port.o
 .debug_macro   0x00003de4       0x51 ./FreeRTOS/portable/GCC/ARM_CM4F/port.o
 .debug_macro   0x00003e35      0x250 ./FreeRTOS/portable/MemMang/heap_4.o
 .debug_macro   0x00004085      0x154 ./Src/RFID.o
 .debug_macro   0x000041d9       0x28 ./Src/RFID.o
 .debug_macro   0x00004201       0x1c ./Src/RFID.o
 .debug_macro   0x0000421d       0x22 ./Src/RFID.o
 .debug_macro   0x0000423f     0x1011 ./Src/RFID.o
 .debug_macro   0x00005250      0x11f ./Src/RFID.o
 .debug_macro   0x0000536f    0x1a17a ./Src/RFID.o
 .debug_macro   0x0001f4e9       0xdc ./Src/RFID.o
 .debug_macro   0x0001f5c5      0x1b4 ./Src/flash_log.o
 .debug_macro   0x0001f779       0x94 ./Src/flash_log.o
 .debug_macro   0x0001f80d       0x1c ./Src/flash_log.o
 .debug_macro   0x0001f829       0x61 ./Src/flash_log.o
 .debug_macro   0x0001f88a       0xce ./Src/keypad.o
 .debug_macro   0x0001f958       0x34 ./Src/keypad.o
 .debug_macro   0x0001f98c      0x154 ./Src/lcd.o
 .debug_macro   0x0001fae0       0x22 ./Src/lcd.o
 .debug_macro   0x0001fb02      0x1a7 ./Src/main.o
 .debug_macro   0x0001fca9       0x28 ./Src/main.o
 .debug_macro   0x0001fcd1       0x3a ./Src/main.o
 .debug_macro   0x0001fd0b       0xe2 ./Src/main.o
 .debug_macro   0x0001fded       0xc9 ./Src/rtc.o
 .debug_macro   0x0001feb6      0x269 ./Src/task_auth.o
 .debug_macro   0x0002011f      0x28b ./Src/task_cli.o
 .debug_macro   0x000203aa      0x248 ./Src/task_keypad.o
 .debug_macro   0x000205f2      0x17a ./Src/task_lcd.o
 .debug_macro   0x0002076c      0x17a ./Src/task_rfid.o
 .debug_macro   0x000208e6       0xc9 ./Src/uart.o
 .debug_macro   0x000209af       0xc9 ./Src/watchdog.o

.debug_line     0x00000000     0xc57d
 .debug_line    0x00000000      0x7ec ./FreeRTOS/Source/list.o
 .debug_line    0x000007ec     0x1639 ./FreeRTOS/Source/queue.o
 .debug_line    0x00001e25     0x1d24 ./FreeRTOS/Source/tasks.o
 .debug_line    0x00003b49      0xd84 ./FreeRTOS/Source/timers.o
 .debug_line    0x000048cd      0x8eb ./FreeRTOS/portable/GCC/ARM_CM4F/port.o
 .debug_line    0x000051b8      0xb8a ./FreeRTOS/portable/MemMang/heap_4.o
 .debug_line    0x00005d42      0xa3f ./Src/RFID.o
 .debug_line    0x00006781      0x88d ./Src/flash_log.o
 .debug_line    0x0000700e      0x6e4 ./Src/keypad.o
 .debug_line    0x000076f2      0x8f7 ./Src/lcd.o
 .debug_line    0x00007fe9      0x6c0 ./Src/main.o
 .debug_line    0x000086a9      0x6d1 ./Src/rtc.o
 .debug_line    0x00008d7a      0x94c ./Src/task_auth.o
 .debug_line    0x000096c6      0xc3d ./Src/task_cli.o
 .debug_line    0x0000a303      0x813 ./Src/task_keypad.o
 .debug_line    0x0000ab16      0x6fa ./Src/task_lcd.o
 .debug_line    0x0000b210      0x7b1 ./Src/task_rfid.o
 .debug_line    0x0000b9c1      0x5c5 ./Src/uart.o
 .debug_line    0x0000bf86      0x57c ./Src/watchdog.o
 .debug_line    0x0000c502       0x7b ./Startup/startup_stm32l476rgtx.o

.debug_str      0x00000000    0xb1e4b
 .debug_str     0x00000000    0xb1e4b ./FreeRTOS/Source/list.o
                              0x11113 (size before relaxing)
 .debug_str     0x000b1e4b    0x13a34 ./FreeRTOS/Source/queue.o
 .debug_str     0x000b1e4b    0x1484d ./FreeRTOS/Source/tasks.o
 .debug_str     0x000b1e4b    0x13d45 ./FreeRTOS/Source/timers.o
 .debug_str     0x000b1e4b     0xfc92 ./FreeRTOS/portable/GCC/ARM_CM4F/port.o
 .debug_str     0x000b1e4b    0x12d00 ./FreeRTOS/portable/MemMang/heap_4.o
 .debug_str     0x000b1e4b    0xa99f1 ./Src/RFID.o
 .debug_str     0x000b1e4b    0xa1b37 ./Src/flash_log.o
 .debug_str     0x000b1e4b    0x9e4ac ./Src/keypad.o
 .debug_str     0x000b1e4b    0xa91cc ./Src/lcd.o
 .debug_str     0x000b1e4b    0xa9c4f ./Src/main.o
 .debug_str     0x000b1e4b    0x9e5be ./Src/rtc.o
 .debug_str     0x000b1e4b    0xacd90 ./Src/task_auth.o
 .debug_str     0x000b1e4b    0xac4f7 ./Src/task_cli.o
 .debug_str     0x000b1e4b    0xaca26 ./Src/task_keypad.o
 .debug_str     0x000b1e4b    0xa98c0 ./Src/task_lcd.o
 .debug_str     0x000b1e4b    0xa9aee ./Src/task_rfid.o
 .debug_str     0x000b1e4b    0x9e453 ./Src/uart.o
 .debug_str     0x000b1e4b    0x9e3fb ./Src/watchdog.o
 .debug_str     0x000b1e4b       0x79 ./Startup/startup_stm32l476rgtx.o

.comment        0x00000000       0x43
 .comment       0x00000000       0x43 ./FreeRTOS/Source/list.o
                                 0x44 (size before relaxing)
 .comment       0x00000043       0x44 ./FreeRTOS/Source/queue.o
 .comment       0x00000043       0x44 ./FreeRTOS/Source/tasks.o
 .comment       0x00000043       0x44 ./FreeRTOS/Source/timers.o
 .comment       0x00000043       0x44 ./FreeRTOS/portable/GCC/ARM_CM4F/port.o
 .comment       0x00000043       0x44 ./FreeRTOS/portable/MemMang/heap_4.o
 .comment       0x00000043       0x44 ./Src/RFID.o
 .comment       0x00000043       0x44 ./Src/flash_log.o
 .comment       0x00000043       0x44 ./Src/keypad.o
 .comment       0x00000043       0x44 ./Src/lcd.o
 .comment       0x00000043       0x44 ./Src/main.o
 .comment       0x00000043       0x44 ./Src/rtc.o
 .comment       0x00000043       0x44 ./Src/task_auth.o
 .comment       0x00000043       0x44 ./Src/task_cli.o
 .comment       0x00000043       0x44 ./Src/task_keypad.o
 .comment       0x00000043       0x44 ./Src/task_lcd.o
 .comment       0x00000043       0x44 ./Src/task_rfid.o
 .comment       0x00000043       0x44 ./Src/uart.o
 .comment       0x00000043       0x44 ./Src/watchdog.o

.debug_frame    0x00000000     0x226c
 .debug_frame   0x00000000       0xc4 ./FreeRTOS/Source/list.o
 .debug_frame   0x000000c4      0x494 ./FreeRTOS/Source/queue.o
 .debug_frame   0x00000558      0x7f8 ./FreeRTOS/Source/tasks.o
 .debug_frame   0x00000d50      0x39c ./FreeRTOS/Source/timers.o
 .debug_frame   0x000010ec      0x184 ./FreeRTOS/portable/GCC/ARM_CM4F/port.o
 .debug_frame   0x00001270      0x174 ./FreeRTOS/portable/MemMang/heap_4.o
 .debug_frame   0x000013e4      0x210 ./Src/RFID.o
 .debug_frame   0x000015f4      0x158 ./Src/flash_log.o
 .debug_frame   0x0000174c       0xb4 ./Src/keypad.o
 .debug_frame   0x00001800      0x210 ./Src/lcd.o
 .debug_frame   0x00001a10       0x30 ./Src/main.o
 .debug_frame   0x00001a40       0xc0 ./Src/rtc.o
 .debug_frame   0x00001b00       0x54 ./Src/task_auth.o
 .debug_frame   0x00001b54      0x120 ./Src/task_cli.o
 .debug_frame   0x00001c74       0x30 ./Src/task_keypad.o
 .debug_frame   0x00001ca4       0x84 ./Src/task_lcd.o
 .debug_frame   0x00001d28       0x9c ./Src/task_rfid.o
 .debug_frame   0x00001dc4       0x98 ./Src/uart.o
 .debug_frame   0x00001e5c       0x6c ./Src/watchdog.o
 .debug_frame   0x00001ec8       0x30 /Applications/STM32CubeIDE.app/Contents/Eclipse/plugins/com.st.stm32cube.ide.mcu.externaltools.gnu-tools-for-stm32.14.3.rel1.macosaarch64_1.0.0.202602081740/tools/bin/../lib/gcc/arm-none-eabi/14.3.1/../../../../arm-none-eabi/lib/thumb/v7e-m+fp/hard/libc_nano.a(libc_a-atoi.o)
 .debug_frame   0x00001ef8      0x144 /Applications/STM32CubeIDE.app/Contents/Eclipse/plugins/com.st.stm32cube.ide.mcu.externaltools.gnu-tools-for-stm32.14.3.rel1.macosaarch64_1.0.0.202602081740/tools/bin/../lib/gcc/arm-none-eabi/14.3.1/../../../../arm-none-eabi/lib/thumb/v7e-m+fp/hard/libc_nano.a(libc_a-findfp.o)
 .debug_frame   0x0000203c       0x64 /Applications/STM32CubeIDE.app/Contents/Eclipse/plugins/com.st.stm32cube.ide.mcu.externaltools.gnu-tools-for-stm32.14.3.rel1.macosaarch64_1.0.0.202602081740/tools/bin/../lib/gcc/arm-none-eabi/14.3.1/../../../../arm-none-eabi/lib/thumb/v7e-m+fp/hard/libc_nano.a(libc_a-strtol.o)
 .debug_frame   0x000020a0       0x48 /Applications/STM32CubeIDE.app/Contents/Eclipse/plugins/com.st.stm32cube.ide.mcu.externaltools.gnu-tools-for-stm32.14.3.rel1.macosaarch64_1.0.0.202602081740/tools/bin/../lib/gcc/arm-none-eabi/14.3.1/../../../../arm-none-eabi/lib/thumb/v7e-m+fp/hard/libc_nano.a(libc_a-utoa.o)
 .debug_frame   0x000020e8       0x20 /Applications/STM32CubeIDE.app/Contents/Eclipse/plugins/com.st.stm32cube.ide.mcu.externaltools.gnu-tools-for-stm32.14.3.rel1.macosaarch64_1.0.0.202602081740/tools/bin/../lib/gcc/arm-none-eabi/14.3.1/../../../../arm-none-eabi/lib/thumb/v7e-m+fp/hard/libc_nano.a(libc_a-memset.o)
 .debug_frame   0x00002108       0x28 /Applications/STM32CubeIDE.app/Contents/Eclipse/plugins/com.st.stm32cube.ide.mcu.externaltools.gnu-tools-for-stm32.14.3.rel1.macosaarch64_1.0.0.202602081740/tools/bin/../lib/gcc/arm-none-eabi/14.3.1/../../../../arm-none-eabi/lib/thumb/v7e-m+fp/hard/libc_nano.a(libc_a-strncmp.o)
 .debug_frame   0x00002130       0x28 /Applications/STM32CubeIDE.app/Contents/Eclipse/plugins/com.st.stm32cube.ide.mcu.externaltools.gnu-tools-for-stm32.14.3.rel1.macosaarch64_1.0.0.202602081740/tools/bin/../lib/gcc/arm-none-eabi/14.3.1/../../../../arm-none-eabi/lib/thumb/v7e-m+fp/hard/libc_nano.a(libc_a-strncpy.o)
 .debug_frame   0x00002158       0x20 /Applications/STM32CubeIDE.app/Contents/Eclipse/plugins/com.st.stm32cube.ide.mcu.externaltools.gnu-tools-for-stm32.14.3.rel1.macosaarch64_1.0.0.202602081740/tools/bin/../lib/gcc/arm-none-eabi/14.3.1/../../../../arm-none-eabi/lib/thumb/v7e-m+fp/hard/libc_nano.a(libc_a-errno.o)
 .debug_frame   0x00002178       0x2c /Applications/STM32CubeIDE.app/Contents/Eclipse/plugins/com.st.stm32cube.ide.mcu.externaltools.gnu-tools-for-stm32.14.3.rel1.macosaarch64_1.0.0.202602081740/tools/bin/../lib/gcc/arm-none-eabi/14.3.1/../../../../arm-none-eabi/lib/thumb/v7e-m+fp/hard/libc_nano.a(libc_a-init.o)
 .debug_frame   0x000021a4       0x20 /Applications/STM32CubeIDE.app/Contents/Eclipse/plugins/com.st.stm32cube.ide.mcu.externaltools.gnu-tools-for-stm32.14.3.rel1.macosaarch64_1.0.0.202602081740/tools/bin/../lib/gcc/arm-none-eabi/14.3.1/../../../../arm-none-eabi/lib/thumb/v7e-m+fp/hard/libc_nano.a(libc_a-strcmp.o)
 .debug_frame   0x000021c4       0x28 /Applications/STM32CubeIDE.app/Contents/Eclipse/plugins/com.st.stm32cube.ide.mcu.externaltools.gnu-tools-for-stm32.14.3.rel1.macosaarch64_1.0.0.202602081740/tools/bin/../lib/gcc/arm-none-eabi/14.3.1/../../../../arm-none-eabi/lib/thumb/v7e-m+fp/hard/libc_nano.a(libc_a-memcpy-stub.o)
 .debug_frame   0x000021ec       0x20 /Applications/STM32CubeIDE.app/Contents/Eclipse/plugins/com.st.stm32cube.ide.mcu.externaltools.gnu-tools-for-stm32.14.3.rel1.macosaarch64_1.0.0.202602081740/tools/bin/../lib/gcc/arm-none-eabi/14.3.1/../../../../arm-none-eabi/lib/thumb/v7e-m+fp/hard/libc_nano.a(libc_a-strlen.o)
 .debug_frame   0x0000220c       0x2c /Applications/STM32CubeIDE.app/Contents/Eclipse/plugins/com.st.stm32cube.ide.mcu.externaltools.gnu-tools-for-stm32.14.3.rel1.macosaarch64_1.0.0.202602081740/tools/bin/../lib/gcc/arm-none-eabi/14.3.1/thumb/v7e-m+fp/hard/libgcc.a(_aeabi_uldivmod.o)
 .debug_frame   0x00002238       0x34 /Applications/STM32CubeIDE.app/Contents/Eclipse/plugins/com.st.stm32cube.ide.mcu.externaltools.gnu-tools-for-stm32.14.3.rel1.macosaarch64_1.0.0.202602081740/tools/bin/../lib/gcc/arm-none-eabi/14.3.1/thumb/v7e-m+fp/hard/libgcc.a(_udivmoddi4.o)

.debug_line_str
                0x00000000       0x5d
 .debug_line_str
                0x00000000       0x5d ./Startup/startup_stm32l476rgtx.o
