../Src/lcd.c:14:13:lcd_delay_us	24	static,ignoring_inline_asm
../Src/lcd.c:18:13:lcd_delay_ms	48	static,ignoring_inline_asm
../Src/lcd.c:32:6:I2C1_Init	4	static
../Src/lcd.c:50:13:PCF8574_Write	16	static
../Src/lcd.c:62:13:LCD_PulseEnable	16	static
../Src/lcd.c:69:13:LCD_SendNibble	24	static
../Src/lcd.c:74:13:LCD_SendByte	16	static
../Src/lcd.c:79:13:LCD_Command	16	static
../Src/lcd.c:84:6:LCD_SendChar	16	static
../Src/lcd.c:91:6:LCD_Init	8	static
../Src/lcd.c:104:6:LCD_Clear	8	static
../Src/lcd.c:109:6:LCD_SetCursor	16	static
../Src/lcd.c:114:6:LCD_Print	16	static
../Src/lcd.c:118:6:LCD_BacklightOn	8	static
../Src/lcd.c:123:6:LCD_BacklightOff	8	static
