/Users/bhaumik/Desktop/STM32Projects/SmartDoor_RTOS/CMSIS/Include/core_cm4.h:1679:22:__NVIC_EnableIRQ	16	static,ignoring_inline_asm
/Users/bhaumik/Desktop/STM32Projects/SmartDoor_RTOS/CMSIS/Include/core_cm4.h:1809:22:__NVIC_SetPriority	16	static
../Src/RFID.c:12:6:SPI_Init	4	static
../Src/RFID.c:39:13:RFID_Cleanup	8	static
../Src/RFID.c:49:9:SPI_TransmitReceive	16	static
../Src/RFID.c:59:6:RFID_WriteRegister	16	static
../Src/RFID.c:66:9:RFID_ReadRegister	24	static
../Src/RFID.c:79:6:RFID_Reset	8	static
../Src/RFID.c:89:13:RFID_IRQ_Init	8	static
../Src/RFID.c:112:6:RFID_Init	16	static
../Src/RFID.c:136:16:RFID_REQA	16	static
../Src/RFID.c:164:16:RFID_Anticollision	32	static
../Src/RFID.c:201:9:RFID_DetectCard	24	static
../Src/RFID.c:216:6:EXTI0_IRQHandler	16	static
../Src/RFID.c:233:6:delay_us	24	static,ignoring_inline_asm
